Microchip Technology Inc, v€

Tool Name:
  d:\program files (x86)\microchip\xc16\v1.21\bin\bin\..\bin/elf-ld.exe

Command:
  -p24F16KA101 \
  -o \
  dist/default/production/power_monitor.X.production.elf \
  -Ld:/program files (x86)/microchip/xc16/v1.21/bin/bin/.. \
  -Ld:/program files (x86)/microchip/xc16/v1.21/bin/bin/../../lib \
  -Ld:/program files (x86)/microchip/xc16/v1.21/bin/bin/../../lib/PIC24E \
  -Ld:/program files (x86)/microchip/xc16/v1.21/bin/bin/../../support/PIC24E/gld \
  -Ld:/program files (x86)/microchip/xc16/v1.21/bin/bin/../../lib/PIC24F \
  -Ld:/program files (x86)/microchip/xc16/v1.21/bin/bin/../../support/PIC24F/gld \
  -Ld:/program files (x86)/microchip/xc16/v1.21/bin/bin/../../lib/PIC24H \
  -Ld:/program files (x86)/microchip/xc16/v1.21/bin/bin/../../support/PIC24H/gld \
  -Ld:/program files (x86)/microchip/xc16/v1.21/bin/bin/../../lib/dsPIC30F \
  -Ld:/program files (x86)/microchip/xc16/v1.21/bin/bin/../../support/dsPIC30F/gld \
  -Ld:/program files (x86)/microchip/xc16/v1.21/bin/bin/../../lib/dsPIC33E \
  -Ld:/program files (x86)/microchip/xc16/v1.21/bin/bin/../../support/dsPIC33E/gld \
  -Ld:/program files (x86)/microchip/xc16/v1.21/bin/bin/../../lib/dsPIC33F \
  -Ld:/program files (x86)/microchip/xc16/v1.21/bin/bin/../../support/dsPIC33F/gld \
  build/default/production/_ext/979045630/heltec_oled_driver.o \
  build/default/production/_ext/979045630/lowlevel.o \
  build/default/production/_ext/979045630/main.o \
  build/default/production/_ext/979045630/ina219.o \
  build/default/production/_ext/979045630/i2c_Func.o \
  build/default/production/_ext/979045630/n5110_lcd_driver.o \
  build/default/production/_ext/979045630/uart.o \
  build/default/production/_ext/979045630/converter.o \
  build/default/production/_ext/979045630/eeprom.o \
  build/default/production/_ext/979045630/traps.o \
  --defsym=__MPLAB_BUILD=1 \
  -Tp24F16KA101.gld.00 \
  --stack=16 \
  --check-sections \
  --data-init \
  --pack-data \
  --handles \
  --isr \
  --no-gc-sections \
  --fill-upper=0 \
  --stackguard=16 \
  --library-path=.. \
  --library-path=. \
  --no-force-link \
  --smart-io \
  -Map=dist/default/production/power_monitor.X.production.map \
  --report-mem \
  -start-group \
  --library=fx-elf \
  --library=pic30-elf \
  --library=m-elf \
  --library=c-elf \
  -end-group \

Archive member included because of file (symbol)

d:/program files (x86)/microchip/xc16/v1.21/bin/bin/../../lib\libpic30-elf.a(crt0_standard.o)
                              (__resetPRI)
d:/program files (x86)/microchip/xc16/v1.21/bin/bin/../../lib\libpic30-elf.a(data_init_standard.o)
                              d:/program files (x86)/microchip/xc16/v1.21/bin/bin/../../lib\libpic30-elf.a(crt0_standard.o) (__data_init_standard)
d:/program files (x86)/microchip/xc16/v1.21/bin/bin/../../lib\libm-elf.a(addsf3.eo)
                              build/default/production/_ext/979045630/converter.o (___subsf3)
d:/program files (x86)/microchip/xc16/v1.21/bin/bin/../../lib\libm-elf.a(divsf3.eo)
                              build/default/production/_ext/979045630/main.o (___divsf3)
d:/program files (x86)/microchip/xc16/v1.21/bin/bin/../../lib\libm-elf.a(feqltle.eo)
                              build/default/production/_ext/979045630/main.o (___ltsf2)
d:/program files (x86)/microchip/xc16/v1.21/bin/bin/../../lib\libm-elf.a(fgtge.eo)
                              build/default/production/_ext/979045630/main.o (___gtsf2)
d:/program files (x86)/microchip/xc16/v1.21/bin/bin/../../lib\libm-elf.a(fixsfsi.eo)
                              build/default/production/_ext/979045630/main.o (_(float, int, long long, short, float, short, int))
d:/program files (x86)/microchip/xc16/v1.21/bin/bin/../../lib\libm-elf.a(fixunssfsi.eo)
                              build/default/production/_ext/979045630/main.o (___fixunssfsi)
d:/program files (x86)/microchip/xc16/v1.21/bin/bin/../../lib\libm-elf.a(floatsisf.eo)
                              build/default/production/_ext/979045630/ina219.o (___floatsisf)
d:/program files (x86)/microchip/xc16/v1.21/bin/bin/../../lib\libm-elf.a(floatunsisf.eo)
                              build/default/production/_ext/979045630/main.o (___floatunsisf)
d:/program files (x86)/microchip/xc16/v1.21/bin/bin/../../lib\libm-elf.a(fne.eo)
                              build/default/production/_ext/979045630/main.o (___nesf2)
d:/program files (x86)/microchip/xc16/v1.21/bin/bin/../../lib\libm-elf.a(fpack.eo)
                              d:/program files (x86)/microchip/xc16/v1.21/bin/bin/../../lib\libm-elf.a(addsf3.eo) (__fpack)
d:/program files (x86)/microchip/xc16/v1.21/bin/bin/../../lib\libm-elf.a(funpack.eo)
                              d:/program files (x86)/microchip/xc16/v1.21/bin/bin/../../lib\libm-elf.a(fixsfsi.eo) (__funpack)
d:/program files (x86)/microchip/xc16/v1.21/bin/bin/../../lib\libm-elf.a(funpack2.eo)
[...]
Memory Configuration

Name             Origin             Length             Attributes
data             0x000800           0x000600           a !xr
reset            0x000000           0x000004  
ivt              0x000004           0x0000fc  
_reserved        0x000100           0x000004  
aivt             0x000104           0x0000fc  
program          0x000200           0x0029fe           xr
eedata           0x7ffe00           0x000200  
FBS              0xf80000           0x000002  
FGS              0xf80004           0x000002  
FOSCSEL          0xf80006           0x000002  
FOSC             0xf80008           0x000002  
FWDT             0xf8000a           0x000002  
FPOR             0xf8000c           0x000002  
FICD             0xf8000e           0x000002  
FDS              0xf80010           0x000002  
*default*        0x000000           0xffffffff  

Linker script and memory map

LOAD build/default/production/_ext/979045630/heltec_oled_driver.o
LOAD build/default/production/_ext/979045630/lowlevel.o
LOAD build/default/production/_ext/979045630/main.o
LOAD build/default/production/_ext/979045630/ina219.o
LOAD build/default/production/_ext/979045630/i2c_Func.o
LOAD build/default/production/_ext/979045630/n5110_lcd_driver.o
LOAD build/default/production/_ext/979045630/uart.o
LOAD build/default/production/_ext/979045630/converter.o
LOAD build/default/production/_ext/979045630/eeprom.o
LOAD build/default/production/_ext/979045630/traps.o
                    0x0001                  __MPLAB_BUILD = 0x1
LOAD d:/program files (x86)/microchip/xc16/v1.21/bin/bin/../../lib/PIC24F\libpPIC24Fxxx-elf.a
                    0xf80000                  __FBS = 0xf80000
                    0xf80004                  __FGS = 0xf80004
                    0xf80006                  __FOSCSEL = 0xf80006
                    0xf80008                  __FOSC = 0xf80008
                    0xf8000a                  __FWDT = 0xf8000a
                    0xf8000c                  __FPOR = 0xf8000c
                    0xf8000e                  __FICD = 0xf8000e
                    0xf80010                  __FDS = 0xf80010
                    0x0001                  __NO_HANDLES = 0x1
                    0x0004                  __IVT_BASE = 0x4
                    0x0104                  __AIVT_BASE = 0x104
                    0x0800                  __DATA_BASE = 0x800
                    0x0600                  __DATA_LENGTH = 0x600
                    0x0200                  __CODE_BASE = 0x200
                    0x2a00                  __CODE_LENGTH = 0x2a00

.reset            0x000000          0x4
                  0x000000          0x2 SHORT 0x200 ABSOLUTE (__reset)
                  0x000001          0x2 SHORT 0x4
                  0x000002          0x2 SHORT 0x0 ((ABSOLUTE (__reset) >> 0x10) & 0x7f)
                  0x000003          0x2 SHORT 0x0

.text             0x000200        0x6d8
 *(.init)
 .init            0x000200         0x36 d:/program files (x86)/microchip/xc16/v1.21/bin/bin/../../lib\libpic30-elf.a(crt0_standard.o)
                  0x000200                  __resetPRI
                  0x000200                  __reset
                  0x000226                  __psv_init
 .init            0x000236         0x5e d:/program files (x86)/microchip/xc16/v1.21/bin/bin/../../lib\libpic30-elf.a(data_init_standard.o)
                  0x000236                  __data_init_standard
                  0x000236                  __data_init
 *(.user_init)
 *(.handle)
 *(.isr*)
 .isr.text        0x000294         0x20 build/default/production/_ext/979045630/traps.o
                  0x000294                  __OscillatorFail
                  0x000298                  __AddressError
                  0x00029c                  __StackError
                  0x0002a0                  __MathError
                  0x0002a4                  __AltOscillatorFail
                  0x0002a8                  __AltAddressError
                  0x0002ac                  __AltStackError
                  0x0002b0                  __AltMathError
 .isr             0x0002b4          0x4 default_isr
                  0x0002b4                  __DefaultInterrupt
 *(.libc)
 .libc            0x0002b8         0x10 d:/program files (x86)/microchip/xc16/v1.21/bin/bin/../../lib\libc-elf.a(isspace.eso)
                  0x0002b8                  _isspace
 *(.libm)
 *(.libdsp)
 *(.lib*)
 .libm.subsf3     0x0002c8         0xbc d:/program files (x86)/microchip/xc16/v1.21/bin/bin/../../lib\libm-elf.a(addsf3.eo)
                  0x0002c8                  ___subsf3
                  0x0002ca                  ___addsf3
 .libm.divfs3     0x000384         0x84 d:/program files (x86)/microchip/xc16/v1.21/bin/bin/../../lib\libm-elf.a(divsf3.eo)
                  0x000384                  ___divsf3
 .libm.eqsf2      0x000408          0x4 d:/program files (x86)/microchip/xc16/v1.21/bin/bin/../../lib\libm-elf.a(feqltle.eo)
                  0x000408                  ___eqsf2
                  0x000408                  ___ltsf2
                  0x000408                  ___lesf2
 .libm.gtsf2      0x00040c          0x4 d:/program files (x86)/microchip/xc16/v1.21/bin/bin/../../lib\libm-elf.a(fgtge.eo)
                  0x00040c                  ___gesf2
                  0x00040c                  ___gtsf2
 .libm.fixsfsi    0x000410         0x42 d:/program files (x86)/microchip/xc16/v1.21/bin/bin/../../lib\libm-elf.a(fixsfsi.eo)
                  0x000410                  _(float, int, long long, short, float, short, int)
 .libm.fixunssfsi
                  0x000452         0x36 d:/program files (x86)/microchip/xc16/v1.21/bin/bin/../../lib\libm-elf.a(fixunssfsi.eo)
                  0x000452                  ___fixunssfsi
 .libm.floatsisf
                  0x000488          0x6 d:/program files (x86)/microchip/xc16/v1.21/bin/bin/../../lib\libm-elf.a(floatsisf.eo)
                  0x000488                  ___floatsisf
 .libm.floatunsisf
                  0x00048e          0x4 d:/program files (x86)/microchip/xc16/v1.21/bin/bin/../../lib\libm-elf.a(floatunsisf.eo)
                  0x00048e                  ___floatunsisf
 .libm.nesf2      0x000492          0x4 d:/program files (x86)/microchip/xc16/v1.21/bin/bin/../../lib\libm-elf.a(fne.eo)
                  0x000492                  ___nesf2
 .libm.fpack      0x000496         0x4c d:/program files (x86)/microchip/xc16/v1.21/bin/bin/../../lib\libm-elf.a(fpack.eo)
                  0x000496                  __fpack
 .libm.funpack    0x0004e2         0x2a d:/program files (x86)/microchip/xc16/v1.21/bin/bin/../../lib\libm-elf.a(funpack.eo)
                  0x0004e2                  __funpack
 .libm.funpack2
                  0x00050c         0x10 d:/program files (x86)/microchip/xc16/v1.21/bin/bin/../../lib\libm-elf.a(funpack2.eo)
                  0x00050c                  __funpack2
 .libm.fPropagateNaN
                  0x00051c         0x12 d:/program files (x86)/microchip/xc16/v1.21/bin/bin/../../lib\libm-elf.a(futil.eo)
                  0x00051c                  __fPropagateNaN
 .libm.fbobExit
                  0x00052e          0x8 d:/program files (x86)/microchip/xc16/v1.21/bin/bin/../../lib\libm-elf.a(futil.eo)
                  0x00052e                  __fbopExit
 .libm.fbopReturnNaN
                  0x000536          0x6 d:/program files (x86)/microchip/xc16/v1.21/bin/bin/../../lib\libm-elf.a(futil.eo)
                  0x000536                  __fbopReturnNaN
 .libm.mulsf3     0x00053c         0x68 d:/program files (x86)/microchip/xc16/v1.21/bin/bin/../../lib\libm-elf.a(mulsf3.eo)
                  0x00053c                  ___mulsf3
 .libm.fcompare
                  0x0005a4         0x36 d:/program files (x86)/microchip/xc16/v1.21/bin/bin/../../lib\libm-elf.a(fcompare.eo)
                  0x0005a4                  __fcompare
 .libm.floatdisf
                  0x0005da         0x20 d:/program files (x86)/microchip/xc16/v1.21/bin/bin/../../lib\libm-elf.a(floatdisf.eo)
                  0x0005da                  ___floatdisf
 .libm.floatundisf
                  0x0005fa         0x5e d:/program files (x86)/microchip/xc16/v1.21/bin/bin/../../lib\libm-elf.a(floatundisf.eo)
                  0x0005fa                  ___floatundisf
 .libc.strtof.strtof
                  0x000658        0x1ee d:/program files (x86)/microchip/xc16/v1.21/bin/bin/../../lib\libc-elf.a(atof.eo)
                  0x000658                  _strtof
 .libc.strtod.strtod
                  0x000846          0x2 d:/program files (x86)/microchip/xc16/v1.21/bin/bin/../../lib\libc-elf.a(atof.eo)
                  0x000846                  _strtod
 .libc.atof.atof
                  0x000848          0x4 d:/program files (x86)/microchip/xc16/v1.21/bin/bin/../../lib\libc-elf.a(atof.eo)
                  0x000848                  _atof
 .libc.utoa.utoa
                  0x00084c         0x34 d:/program files (x86)/microchip/xc16/v1.21/bin/bin/../../lib\libc-elf.a(itoa.eo)
                  0x00084c                  _utoa
 .libc.itoa.itoa
                  0x000880         0x1c d:/program files (x86)/microchip/xc16/v1.21/bin/bin/../../lib\libc-elf.a(itoa.eo)
                  0x000880                  _itoa
 .libc.strlen.strlen
                  0x00089c          0xe d:/program files (x86)/microchip/xc16/v1.21/bin/bin/../../lib\libc-elf.a(strlen.eo)
                  0x00089c                  _strlen
 .libc.strncmp.strncmp
                  0x0008aa         0x22 d:/program files (x86)/microchip/xc16/v1.21/bin/bin/../../lib\libc-elf.a(strncmp.eo)
                  0x0008aa                  _strncmp
 .libm.mulsi3     0x0008cc          0xc d:/program files (x86)/microchip/xc16/v1.21/bin/bin/../../lib\libm-elf.a(mulsi3.eo)
                  0x0008cc                  ___mulp32peds3
                  0x0008cc                  ___mulsi3
                  0x0008cc                  ___mulp32eds3

usercode
 *(usercode)

__FBS
 *(__FBS.sec*)

__FGS
 *(__FGS.sec*)

__FOSCSEL         0xf80006          0x2
 *(__FOSCSEL.sec*)
 __FOSCSEL.sec    0xf80006          0x2 build/default/production/_ext/979045630/main.o

__FOSC            0xf80008          0x2
 *(__FOSC.sec*)
 __FOSC.sec       0xf80008          0x2 build/default/production/_ext/979045630/main.o

__FWDT            0xf8000a          0x2
 *(__FWDT.sec*)
 __FWDT.sec       0xf8000a          0x2 build/default/production/_ext/979045630/main.o

__FPOR            0xf8000c          0x2
 *(__FPOR.sec*)
 __FPOR.sec       0xf8000c          0x2 build/default/production/_ext/979045630/main.o

__FICD            0xf8000e          0x2
 *(__FICD.sec*)
 __FICD.sec       0xf8000e          0x2 build/default/production/_ext/979045630/main.o

__FDS             0xf80010          0x2
 *(__FDS.sec*)
 __FDS.sec        0xf80010          0x2 build/default/production/_ext/979045630/main.o

.comment
 *(.comment)

.debug_info       0x000000       0x5f40
 *(.debug_info)
 .debug_info      0x000000        0x8f5 build/default/production/_ext/979045630/heltec_oled_driver.o
 .debug_info      0x0008f5       0x18e1 build/default/production/_ext/979045630/lowlevel.o
 .debug_info      0x0021d6       0x1331 build/default/production/_ext/979045630/main.o
 .debug_info      0x003507        0x53a build/default/production/_ext/979045630/ina219.o
 .debug_info      0x003a41        0x9b1 build/default/production/_ext/979045630/i2c_Func.o
 .debug_info      0x0043f2        0xa24 build/default/production/_ext/979045630/n5110_lcd_driver.o
 .debug_info      0x004e16        0x839 build/default/production/_ext/979045630/uart.o
 .debug_info      0x00564f        0x2a5 build/default/production/_ext/979045630/converter.o
 .debug_info      0x0058f4        0x3fe build/default/production/_ext/979045630/eeprom.o
 .debug_info      0x005cf2        0x24e build/default/production/_ext/979045630/traps.o
 *(.gnu.linkonce.wi.*)

.debug_abbrev     0x000000        0xc18
 *(.debug_abbrev)
 .debug_abbrev    0x000000        0x162 build/default/production/_ext/979045630/heltec_oled_driver.o
 .debug_abbrev    0x000162         0xfa build/default/production/_ext/979045630/lowlevel.o
 .debug_abbrev    0x00025c        0x270 build/default/production/_ext/979045630/main.o
 .debug_abbrev    0x0004cc        0x107 build/default/production/_ext/979045630/ina219.o
 .debug_abbrev    0x0005d3        0x173 build/default/production/_ext/979045630/i2c_Func.o
 .debug_abbrev    0x000746        0x136 build/default/production/_ext/979045630/n5110_lcd_driver.o
 .debug_abbrev    0x00087c        0x162 build/default/production/_ext/979045630/uart.o
 .debug_abbrev    0x0009de         0x8c build/default/production/_ext/979045630/converter.o
 .debug_abbrev    0x000a6a        0x131 build/default/production/_ext/979045630/eeprom.o
 .debug_abbrev    0x000b9b         0x7d build/default/production/_ext/979045630/traps.o

.debug_line       0x000000       0x2d6a
 *(.debug_line)
 .debug_line      0x000000        0x6bd build/default/production/_ext/979045630/heltec_oled_driver.o
 .debug_line      0x0006bd        0x2df build/default/production/_ext/979045630/lowlevel.o
 .debug_line      0x00099c        0xc9f build/default/production/_ext/979045630/main.o
 .debug_line      0x00163b        0x325 build/default/production/_ext/979045630/ina219.o
 .debug_line      0x001960        0x844 build/default/production/_ext/979045630/i2c_Func.o
 .debug_line      0x0021a4        0x32d build/default/production/_ext/979045630/n5110_lcd_driver.o
 .debug_line      0x0024d1        0x2b8 build/default/production/_ext/979045630/uart.o
 .debug_line      0x002789        0x265 build/default/production/_ext/979045630/converter.o
 .debug_line      0x0029ee        0x212 build/default/production/_ext/979045630/eeprom.o
 .debug_line      0x002c00        0x16a build/default/production/_ext/979045630/traps.o

.debug_frame      0x000000        0x678
 *(.debug_frame)
 .debug_frame     0x000000        0x114 build/default/production/_ext/979045630/heltec_oled_driver.o
 .debug_frame     0x000114         0x24 build/default/production/_ext/979045630/lowlevel.o
 .debug_frame     0x000138         0xf4 build/default/production/_ext/979045630/main.o
 .debug_frame     0x00022c         0xd4 build/default/production/_ext/979045630/ina219.o
 .debug_frame     0x000300        0x164 build/default/production/_ext/979045630/i2c_Func.o
 .debug_frame     0x000464         0x94 build/default/production/_ext/979045630/n5110_lcd_driver.o
 .debug_frame     0x0004f8         0x74 build/default/production/_ext/979045630/uart.o
 .debug_frame     0x00056c         0x44 build/default/production/_ext/979045630/converter.o
 .debug_frame     0x0005b0         0x34 build/default/production/_ext/979045630/eeprom.o
 .debug_frame     0x0005e4         0x94 build/default/production/_ext/979045630/traps.o

.debug_str        0x000000        0x379
 *(.debug_str)
 .debug_str       0x000000         0x2f build/default/production/_ext/979045630/heltec_oled_driver.o
 .debug_str       0x00002f         0xaa build/default/production/_ext/979045630/lowlevel.o
 .debug_str       0x0000d9        0x17e build/default/production/_ext/979045630/main.o
 .debug_str       0x000257         0x4f build/default/production/_ext/979045630/ina219.o
 .debug_str       0x0002a6         0x45 build/default/production/_ext/979045630/i2c_Func.o
 .debug_str       0x0002eb         0x33 build/default/production/_ext/979045630/n5110_lcd_driver.o
 .debug_str       0x00031e         0x1c build/default/production/_ext/979045630/uart.o
 .debug_str       0x00033a         0x33 build/default/production/_ext/979045630/eeprom.o
 .debug_str       0x00036d          0xc build/default/production/_ext/979045630/traps.o

.debug_loc
 *(.debug_loc)

.debug_macinfo
 *(.debug_macinfo)

.debug_pubnames
                  0x000000        0xa2e
 *(.debug_pubnames)
 .debug_pubnames
                  0x000000         0xe1 build/default/production/_ext/979045630/heltec_oled_driver.o
 .debug_pubnames
                  0x0000e1         0x24 build/default/production/_ext/979045630/lowlevel.o
 .debug_pubnames
                  0x000105        0x38a build/default/production/_ext/979045630/main.o
 .debug_pubnames
                  0x00048f        0x1a3 build/default/production/_ext/979045630/ina219.o
 .debug_pubnames
                  0x000632        0x15f build/default/production/_ext/979045630/i2c_Func.o
 .debug_pubnames
                  0x000791         0xcc build/default/production/_ext/979045630/n5110_lcd_driver.o
 .debug_pubnames
                  0x00085d         0x8e build/default/production/_ext/979045630/uart.o
 .debug_pubnames
                  0x0008eb         0x3a build/default/production/_ext/979045630/converter.o
 .debug_pubnames
                  0x000925         0x61 build/default/production/_ext/979045630/eeprom.o
 .debug_pubnames
                  0x000986         0xa8 build/default/production/_ext/979045630/traps.o

.debug_ranges
 *(.debug_ranges)

.debug_aranges    0x000000         0xf0
 *(.debug_aranges)
 .debug_aranges
                  0x000000         0x18 build/default/production/_ext/979045630/heltec_oled_driver.o
 .debug_aranges
                  0x000018         0x18 build/default/production/_ext/979045630/lowlevel.o
 .debug_aranges
                  0x000030         0x18 build/default/production/_ext/979045630/main.o
 .debug_aranges
                  0x000048         0x18 build/default/production/_ext/979045630/ina219.o
 .debug_aranges
                  0x000060         0x18 build/default/production/_ext/979045630/i2c_Func.o
 .debug_aranges
                  0x000078         0x18 build/default/production/_ext/979045630/n5110_lcd_driver.o
 .debug_aranges
                  0x000090         0x18 build/default/production/_ext/979045630/uart.o
 .debug_aranges
                  0x0000a8         0x18 build/default/production/_ext/979045630/converter.o
 .debug_aranges
                  0x0000c0         0x18 build/default/production/_ext/979045630/eeprom.o
 .debug_aranges
                  0x0000d8         0x18 build/default/production/_ext/979045630/traps.o

.ivt              0x000004         0xfc
                  0x000004          0x4 LONG 0x2b4 DEFINED (__ReservedTrap0)?ABSOLUTE (__ReservedTrap0):ABSOLUTE (__DefaultInterrupt)
                  0x000006          0x4 LONG 0x294 DEFINED (__OscillatorFail)?ABSOLUTE (__OscillatorFail):ABSOLUTE (__DefaultInterrupt)
                  0x000008          0x4 LONG 0x298 DEFINED (__AddressError)?ABSOLUTE (__AddressError):ABSOLUTE (__DefaultInterrupt)
                  0x00000a          0x4 LONG 0x29c DEFINED (__StackError)?ABSOLUTE (__StackError):ABSOLUTE (__DefaultInterrupt)
                  0x00000c          0x4 LONG 0x2a0 DEFINED (__MathError)?ABSOLUTE (__MathError):ABSOLUTE (__DefaultInterrupt)
                  0x00000e          0x4 LONG 0x2b4 DEFINED (__ReservedTrap5)?ABSOLUTE (__ReservedTrap5):ABSOLUTE (__DefaultInterrupt)
                  0x000010          0x4 LONG 0x2b4 DEFINED (__ReservedTrap6)?ABSOLUTE (__ReservedTrap6):ABSOLUTE (__DefaultInterrupt)
                  0x000012          0x4 LONG 0x2b4 DEFINED (__ReservedTrap7)?ABSOLUTE (__ReservedTrap7):ABSOLUTE (__DefaultInterrupt)
                  0x000014          0x4 LONG 0x2b4 DEFINED (__INT0Interrupt)?ABSOLUTE (__INT0Interrupt):ABSOLUTE (__DefaultInterrupt)
                  0x000016          0x4 LONG 0x2b4 DEFINED (__IC1Interrupt)?ABSOLUTE (__IC1Interrupt):ABSOLUTE (__DefaultInterrupt)
                  0x000018          0x4 LONG 0x2b4 DEFINED (__OC1Interrupt)?ABSOLUTE (__OC1Interrupt):ABSOLUTE (__DefaultInterrupt)
                  0x00001a          0x4 LONG 0x2b4 DEFINED (__T1Interrupt)?ABSOLUTE (__T1Interrupt):ABSOLUTE (__DefaultInterrupt)
                  0x00001c          0x4 LONG 0x2b4 DEFINED (__Interrupt4)?ABSOLUTE (__Interrupt4):ABSOLUTE (__DefaultInterrupt)
                  0x00001e          0x4 LONG 0x2b4 DEFINED (__Interrupt5)?ABSOLUTE (__Interrupt5):ABSOLUTE (__DefaultInterrupt)
                  0x000020          0x4 LONG 0x2b4 DEFINED (__Interrupt6)?ABSOLUTE (__Interrupt6):ABSOLUTE (__DefaultInterrupt)
                  0x000022          0x4 LONG 0x2b4 DEFINED (__T2Interrupt)?ABSOLUTE (__T2Interrupt):ABSOLUTE (__DefaultInterrupt)
                  0x000024          0x4 LONG 0x1fd0 DEFINED (__T3Interrupt)?ABSOLUTE (__T3Interrupt):ABSOLUTE (__DefaultInterrupt)
                  0x000026          0x4 LONG 0x2b4 DEFINED (__SPI1ErrInterrupt)?ABSOLUTE (__SPI1ErrInterrupt):ABSOLUTE (__DefaultInterrupt)
                  0x000028          0x4 LONG 0x2b4 DEFINED (__SPI1Interrupt)?ABSOLUTE (__SPI1Interrupt):ABSOLUTE (__DefaultInterrupt)
                  0x00002a          0x4 LONG 0x2a5e DEFINED (__U1RXInterrupt)?ABSOLUTE (__U1RXInterrupt):ABSOLUTE (__DefaultInterrupt)
                  0x00002c          0x4 LONG 0x2a1e DEFINED (__U1TXInterrupt)?ABSOLUTE (__U1TXInterrupt):ABSOLUTE (__DefaultInterrupt)
                  0x00002e          0x4 LONG 0x1f8a DEFINED (__ADC1Interrupt)?ABSOLUTE (__ADC1Interrupt):ABSOLUTE (__DefaultInterrupt)
                  0x000030          0x4 LONG 0x2b4 DEFINED (__Interrupt14)?ABSOLUTE (__Interrupt14):ABSOLUTE (__DefaultInterrupt)
                  0x000032          0x4 LONG 0x2b4 DEFINED (__NVMWriteInterrupt)?ABSOLUTE (__NVMWriteInterrupt):ABSOLUTE (__DefaultInterrupt)
                  0x000034          0x4 LONG 0x2b4 DEFINED (__SI2C1Interrupt)?ABSOLUTE (__SI2C1Interrupt):ABSOLUTE (__DefaultInterrupt)
                  0x000036          0x4 LONG 0x2b4 DEFINED (__MI2C1Interrupt)?ABSOLUTE (__MI2C1Interrupt):ABSOLUTE (__DefaultInterrupt)
                  0x000038          0x4 LONG 0x2b4 DEFINED (__CompInterrupt)?ABSOLUTE (__CompInterrupt):ABSOLUTE (__DefaultInterrupt)
                  0x00003a          0x4 LONG 0x2b4 DEFINED (__CNInterrupt)?ABSOLUTE (__CNInterrupt):ABSOLUTE (__DefaultInterrupt)
                  0x00003c          0x4 LONG 0x2b4 DEFINED (__INT1Interrupt)?ABSOLUTE (__INT1Interrupt):ABSOLUTE (__DefaultInterrupt)
                  0x00003e          0x4 LONG 0x2b4 DEFINED (__Interrupt21)?ABSOLUTE (__Interrupt21):ABSOLUTE (__DefaultInterrupt)
                  0x000040          0x4 LONG 0x2b4 DEFINED (__Interrupt22)?ABSOLUTE (__Interrupt22):ABSOLUTE (__DefaultInterrupt)
                  0x000042          0x4 LONG 0x2b4 DEFINED (__Interrupt23)?ABSOLUTE (__Interrupt23):ABSOLUTE (__DefaultInterrupt)
                  0x000044          0x4 LONG 0x2b4 DEFINED (__Interrupt24)?ABSOLUTE (__Interrupt24):ABSOLUTE (__DefaultInterrupt)
                  0x000046          0x4 LONG 0x2b4 DEFINED (__Interrupt25)?ABSOLUTE (__Interrupt25):ABSOLUTE (__DefaultInterrupt)
                  0x000048          0x4 LONG 0x2b4 DEFINED (__Interrupt26)?ABSOLUTE (__Interrupt26):ABSOLUTE (__DefaultInterrupt)
                  0x00004a          0x4 LONG 0x2b4 DEFINED (__Interrupt27)?ABSOLUTE (__Interrupt27):ABSOLUTE (__DefaultInterrupt)
                  0x00004c          0x4 LONG 0x2b4 DEFINED (__Interrupt28)?ABSOLUTE (__Interrupt28):ABSOLUTE (__DefaultInterrupt)
                  0x00004e          0x4 LONG 0x2b4 DEFINED (__INT2Interrupt)?ABSOLUTE (__INT2Interrupt):ABSOLUTE (__DefaultInterrupt)
                  0x000050          0x4 LONG 0x2b4 DEFINED (__U2RXInterrupt)?ABSOLUTE (__U2RXInterrupt):ABSOLUTE (__DefaultInterrupt)
                  0x000052          0x4 LONG 0x2b4 DEFINED (__U2TXInterrupt)?ABSOLUTE (__U2TXInterrupt):ABSOLUTE (__DefaultInterrupt)
                  0x000054          0x4 LONG 0x2b4 DEFINED (__Interrupt32)?ABSOLUTE (__Interrupt32):ABSOLUTE (__DefaultInterrupt)
                  0x000056          0x4 LONG 0x2b4 DEFINED (__Interrupt33)?ABSOLUTE (__Interrupt33):ABSOLUTE (__DefaultInterrupt)
                  0x000058          0x4 LONG 0x2b4 DEFINED (__Interrupt34)?ABSOLUTE (__Interrupt34):ABSOLUTE (__DefaultInterrupt)
                  0x00005a          0x4 LONG 0x2b4 DEFINED (__Interrupt35)?ABSOLUTE (__Interrupt35):ABSOLUTE (__DefaultInterrupt)
                  0x00005c          0x4 LONG 0x2b4 DEFINED (__Interrupt36)?ABSOLUTE (__Interrupt36):ABSOLUTE (__DefaultInterrupt)
                  0x00005e          0x4 LONG 0x2b4 DEFINED (__Interrupt37)?ABSOLUTE (__Interrupt37):ABSOLUTE (__DefaultInterrupt)
                  0x000060          0x4 LONG 0x2b4 DEFINED (__Interrupt38)?ABSOLUTE (__Interrupt38):ABSOLUTE (__DefaultInterrupt)
                  0x000062          0x4 LONG 0x2b4 DEFINED (__Interrupt39)?ABSOLUTE (__Interrupt39):ABSOLUTE (__DefaultInterrupt)
                  0x000064          0x4 LONG 0x2b4 DEFINED (__Interrupt40)?ABSOLUTE (__Interrupt40):ABSOLUTE (__DefaultInterrupt)
                  0x000066          0x4 LONG 0x2b4 DEFINED (__Interrupt41)?ABSOLUTE (__Interrupt41):ABSOLUTE (__DefaultInterrupt)
                  0x000068          0x4 LONG 0x2b4 DEFINED (__Interrupt42)?ABSOLUTE (__Interrupt42):ABSOLUTE (__DefaultInterrupt)
                  0x00006a          0x4 LONG 0x2b4 DEFINED (__Interrupt43)?ABSOLUTE (__Interrupt43):ABSOLUTE (__DefaultInterrupt)
                  0x00006c          0x4 LONG 0x2b4 DEFINED (__Interrupt44)?ABSOLUTE (__Interrupt44):ABSOLUTE (__DefaultInterrupt)
                  0x00006e          0x4 LONG 0x2b4 DEFINED (__Interrupt45)?ABSOLUTE (__Interrupt45):ABSOLUTE (__DefaultInterrupt)
                  0x000070          0x4 LONG 0x2b4 DEFINED (__Interrupt46)?ABSOLUTE (__Interrupt46):ABSOLUTE (__DefaultInterrupt)
                  0x000072          0x4 LONG 0x2b4 DEFINED (__Interrupt47)?ABSOLUTE (__Interrupt47):ABSOLUTE (__DefaultInterrupt)
                  0x000074          0x4 LONG 0x2b4 DEFINED (__Interrupt48)?ABSOLUTE (__Interrupt48):ABSOLUTE (__DefaultInterrupt)
                  0x000076          0x4 LONG 0x2b4 DEFINED (__Interrupt49)?ABSOLUTE (__Interrupt49):ABSOLUTE (__DefaultInterrupt)
                  0x000078          0x4 LONG 0x2b4 DEFINED (__Interrupt50)?ABSOLUTE (__Interrupt50):ABSOLUTE (__DefaultInterrupt)
                  0x00007a          0x4 LONG 0x2b4 DEFINED (__Interrupt51)?ABSOLUTE (__Interrupt51):ABSOLUTE (__DefaultInterrupt)
                  0x00007c          0x4 LONG 0x2b4 DEFINED (__Interrupt52)?ABSOLUTE (__Interrupt52):ABSOLUTE (__DefaultInterrupt)
                  0x00007e          0x4 LONG 0x2b4 DEFINED (__Interrupt53)?ABSOLUTE (__Interrupt53):ABSOLUTE (__DefaultInterrupt)
                  0x000080          0x4 LONG 0x2b4 DEFINED (__Interrupt54)?ABSOLUTE (__Interrupt54):ABSOLUTE (__DefaultInterrupt)
                  0x000082          0x4 LONG 0x2b4 DEFINED (__Interrupt55)?ABSOLUTE (__Interrupt55):ABSOLUTE (__DefaultInterrupt)
                  0x000084          0x4 LONG 0x2b4 DEFINED (__Interrupt56)?ABSOLUTE (__Interrupt56):ABSOLUTE (__DefaultInterrupt)
                  0x000086          0x4 LONG 0x2b4 DEFINED (__Interrupt57)?ABSOLUTE (__Interrupt57):ABSOLUTE (__DefaultInterrupt)
                  0x000088          0x4 LONG 0x2b4 DEFINED (__Interrupt58)?ABSOLUTE (__Interrupt58):ABSOLUTE (__DefaultInterrupt)
                  0x00008a          0x4 LONG 0x2b4 DEFINED (__Interrupt59)?ABSOLUTE (__Interrupt59):ABSOLUTE (__DefaultInterrupt)
                  0x00008c          0x4 LONG 0x2b4 DEFINED (__Interrupt60)?ABSOLUTE (__Interrupt60):ABSOLUTE (__DefaultInterrupt)
                  0x00008e          0x4 LONG 0x2b4 DEFINED (__Interrupt61)?ABSOLUTE (__Interrupt61):ABSOLUTE (__DefaultInterrupt)
                  0x000090          0x4 LONG 0x2b4 DEFINED (__RTCCInterrupt)?ABSOLUTE (__RTCCInterrupt):ABSOLUTE (__DefaultInterrupt)
                  0x000092          0x4 LONG 0x2b4 DEFINED (__Interrupt63)?ABSOLUTE (__Interrupt63):ABSOLUTE (__DefaultInterrupt)
                  0x000094          0x4 LONG 0x2b4 DEFINED (__Interrupt64)?ABSOLUTE (__Interrupt64):ABSOLUTE (__DefaultInterrupt)
                  0x000096          0x4 LONG 0x2b4 DEFINED (__U1ErrInterrupt)?ABSOLUTE (__U1ErrInterrupt):ABSOLUTE (__DefaultInterrupt)
                  0x000098          0x4 LONG 0x2b4 DEFINED (__U2ErrInterrupt)?ABSOLUTE (__U2ErrInterrupt):ABSOLUTE (__DefaultInterrupt)
                  0x00009a          0x4 LONG 0x2b4 DEFINED (__CRCInterrupt)?ABSOLUTE (__CRCInterrupt):ABSOLUTE (__DefaultInterrupt)
                  0x00009c          0x4 LONG 0x2b4 DEFINED (__Interrupt68)?ABSOLUTE (__Interrupt68):ABSOLUTE (__DefaultInterrupt)
                  0x00009e          0x4 LONG 0x2b4 DEFINED (__Interrupt69)?ABSOLUTE (__Interrupt69):ABSOLUTE (__DefaultInterrupt)
                  0x0000a0          0x4 LONG 0x2b4 DEFINED (__Interrupt70)?ABSOLUTE (__Interrupt70):ABSOLUTE (__DefaultInterrupt)
                  0x0000a2          0x4 LONG 0x2b4 DEFINED (__Interrupt71)?ABSOLUTE (__Interrupt71):ABSOLUTE (__DefaultInterrupt)
                  0x0000a4          0x4 LONG 0x2b4 DEFINED (__HLVDInterrupt)?ABSOLUTE (__HLVDInterrupt):ABSOLUTE (__DefaultInterrupt)
                  0x0000a6          0x4 LONG 0x2b4 DEFINED (__Interrupt73)?ABSOLUTE (__Interrupt73):ABSOLUTE (__DefaultInterrupt)
                  0x0000a8          0x4 LONG 0x2b4 DEFINED (__Interrupt74)?ABSOLUTE (__Interrupt74):ABSOLUTE (__DefaultInterrupt)
                  0x0000aa          0x4 LONG 0x2b4 DEFINED (__Interrupt75)?ABSOLUTE (__Interrupt75):ABSOLUTE (__DefaultInterrupt)
                  0x0000ac          0x4 LONG 0x2b4 DEFINED (__Interrupt76)?ABSOLUTE (__Interrupt76):ABSOLUTE (__DefaultInterrupt)
                  0x0000ae          0x4 LONG 0x2b4 DEFINED (__CTMUInterrupt)?ABSOLUTE (__CTMUInterrupt):ABSOLUTE (__DefaultInterrupt)
                  0x0000b0          0x4 LONG 0x2b4 DEFINED (__Interrupt78)?ABSOLUTE (__Interrupt78):ABSOLUTE (__DefaultInterrupt)
                  0x0000b2          0x4 LONG 0x2b4 DEFINED (__Interrupt79)?ABSOLUTE (__Interrupt79):ABSOLUTE (__DefaultInterrupt)
                  0x0000b4          0x4 LONG 0x2b4 DEFINED (__Interrupt80)?ABSOLUTE (__Interrupt80):ABSOLUTE (__DefaultInterrupt)
                  0x0000b6          0x4 LONG 0x2b4 DEFINED (__Interrupt81)?ABSOLUTE (__Interrupt81):ABSOLUTE (__DefaultInterrupt)
                  0x0000b8          0x4 LONG 0x2b4 DEFINED (__Interrupt82)?ABSOLUTE (__Interrupt82):ABSOLUTE (__DefaultInterrupt)
                  0x0000ba          0x4 LONG 0x2b4 DEFINED (__Interrupt83)?ABSOLUTE (__Interrupt83):ABSOLUTE (__DefaultInterrupt)
                  0x0000bc          0x4 LONG 0x2b4 DEFINED (__Interrupt84)?ABSOLUTE (__Interrupt84):ABSOLUTE (__DefaultInterrupt)
                  0x0000be          0x4 LONG 0x2b4 DEFINED (__Interrupt85)?ABSOLUTE (__Interrupt85):ABSOLUTE (__DefaultInterrupt)
                  0x0000c0          0x4 LONG 0x2b4 DEFINED (__Interrupt86)?ABSOLUTE (__Interrupt86):ABSOLUTE (__DefaultInterrupt)
                  0x0000c2          0x4 LONG 0x2b4 DEFINED (__Interrupt87)?ABSOLUTE (__Interrupt87):ABSOLUTE (__DefaultInterrupt)
                  0x0000c4          0x4 LONG 0x2b4 DEFINED (__Interrupt88)?ABSOLUTE (__Interrupt88):ABSOLUTE (__DefaultInterrupt)
                  0x0000c6          0x4 LONG 0x2b4 DEFINED (__Interrupt89)?ABSOLUTE (__Interrupt89):ABSOLUTE (__DefaultInterrupt)
                  0x0000c8          0x4 LONG 0x2b4 DEFINED (__Interrupt90)?ABSOLUTE (__Interrupt90):ABSOLUTE (__DefaultInterrupt)
                  0x0000ca          0x4 LONG 0x2b4 DEFINED (__Interrupt91)?ABSOLUTE (__Interrupt91):ABSOLUTE (__DefaultInterrupt)
                  0x0000cc          0x4 LONG 0x2b4 DEFINED (__Interrupt92)?ABSOLUTE (__Interrupt92):ABSOLUTE (__DefaultInterrupt)
                  0x0000ce          0x4 LONG 0x2b4 DEFINED (__Interrupt93)?ABSOLUTE (__Interrupt93):ABSOLUTE (__DefaultInterrupt)
                  0x0000d0          0x4 LONG 0x2b4 DEFINED (__Interrupt94)?ABSOLUTE (__Interrupt94):ABSOLUTE (__DefaultInterrupt)
                  0x0000d2          0x4 LONG 0x2b4 DEFINED (__Interrupt95)?ABSOLUTE (__Interrupt95):ABSOLUTE (__DefaultInterrupt)
                  0x0000d4          0x4 LONG 0x2b4 DEFINED (__Interrupt96)?ABSOLUTE (__Interrupt96):ABSOLUTE (__DefaultInterrupt)
                  0x0000d6          0x4 LONG 0x2b4 DEFINED (__Interrupt97)?ABSOLUTE (__Interrupt97):ABSOLUTE (__DefaultInterrupt)
                  0x0000d8          0x4 LONG 0x2b4 DEFINED (__Interrupt98)?ABSOLUTE (__Interrupt98):ABSOLUTE (__DefaultInterrupt)
                  0x0000da          0x4 LONG 0x2b4 DEFINED (__Interrupt99)?ABSOLUTE (__Interrupt99):ABSOLUTE (__DefaultInterrupt)
                  0x0000dc          0x4 LONG 0x2b4 DEFINED (__Interrupt100)?ABSOLUTE (__Interrupt100):ABSOLUTE (__DefaultInterrupt)
                  0x0000de          0x4 LONG 0x2b4 DEFINED (__Interrupt101)?ABSOLUTE (__Interrupt101):ABSOLUTE (__DefaultInterrupt)
                  0x0000e0          0x4 LONG 0x2b4 DEFINED (__Interrupt102)?ABSOLUTE (__Interrupt102):ABSOLUTE (__DefaultInterrupt)
                  0x0000e2          0x4 LONG 0x2b4 DEFINED (__Interrupt103)?ABSOLUTE (__Interrupt103):ABSOLUTE (__DefaultInterrupt)
                  0x0000e4          0x4 LONG 0x2b4 DEFINED (__Interrupt104)?ABSOLUTE (__Interrupt104):ABSOLUTE (__DefaultInterrupt)
                  0x0000e6          0x4 LONG 0x2b4 DEFINED (__Interrupt105)?ABSOLUTE (__Interrupt105):ABSOLUTE (__DefaultInterrupt)
                  0x0000e8          0x4 LONG 0x2b4 DEFINED (__Interrupt106)?ABSOLUTE (__Interrupt106):ABSOLUTE (__DefaultInterrupt)
                  0x0000ea          0x4 LONG 0x2b4 DEFINED (__Interrupt107)?ABSOLUTE (__Interrupt107):ABSOLUTE (__DefaultInterrupt)
                  0x0000ec          0x4 LONG 0x2b4 DEFINED (__Interrupt108)?ABSOLUTE (__Interrupt108):ABSOLUTE (__DefaultInterrupt)
                  0x0000ee          0x4 LONG 0x2b4 DEFINED (__Interrupt109)?ABSOLUTE (__Interrupt109):ABSOLUTE (__DefaultInterrupt)
                  0x0000f0          0x4 LONG 0x2b4 DEFINED (__Interrupt110)?ABSOLUTE (__Interrupt110):ABSOLUTE (__DefaultInterrupt)
                  0x0000f2          0x4 LONG 0x2b4 DEFINED (__Interrupt111)?ABSOLUTE (__Interrupt111):ABSOLUTE (__DefaultInterrupt)
                  0x0000f4          0x4 LONG 0x2b4 DEFINED (__Interrupt112)?ABSOLUTE (__Interrupt112):ABSOLUTE (__DefaultInterrupt)
                  0x0000f6          0x4 LONG 0x2b4 DEFINED (__Interrupt113)?ABSOLUTE (__Interrupt113):ABSOLUTE (__DefaultInterrupt)
                  0x0000f8          0x4 LONG 0x2b4 DEFINED (__Interrupt114)?ABSOLUTE (__Interrupt114):ABSOLUTE (__DefaultInterrupt)
                  0x0000fa          0x4 LONG 0x2b4 DEFINED (__Interrupt115)?ABSOLUTE (__Interrupt115):ABSOLUTE (__DefaultInterrupt)
                  0x0000fc          0x4 LONG 0x2b4 DEFINED (__Interrupt116)?ABSOLUTE (__Interrupt116):ABSOLUTE (__DefaultInterrupt)
                  0x0000fe          0x4 LONG 0x2b4 DEFINED (__Interrupt117)?ABSOLUTE (__Interrupt117):ABSOLUTE (__DefaultInterrupt)

.aivt             0x000104         0xfc
                  0x000104          0x4 LONG 0x2b4 DEFINED (__AltReservedTrap0)?ABSOLUTE (__AltReservedTrap0):DEFINED (__ReservedTrap0)?ABSOLUTE (__ReservedTrap0):ABSOLUTE (__DefaultInterrupt)
                  0x000106          0x4 LONG 0x2a4 DEFINED (__AltOscillatorFail)?ABSOLUTE (__AltOscillatorFail):DEFINED (__OscillatorFail)?ABSOLUTE (__OscillatorFail):ABSOLUTE (__DefaultInterrupt)
                  0x000108          0x4 LONG 0x2a8 DEFINED (__AltAddressError)?ABSOLUTE (__AltAddressError):DEFINED (__AddressError)?ABSOLUTE (__AddressError):ABSOLUTE (__DefaultInterrupt)
                  0x00010a          0x4 LONG 0x2ac DEFINED (__AltStackError)?ABSOLUTE (__AltStackError):DEFINED (__StackError)?ABSOLUTE (__StackError):ABSOLUTE (__DefaultInterrupt)
                  0x00010c          0x4 LONG 0x2b0 DEFINED (__AltMathError)?ABSOLUTE (__AltMathError):DEFINED (__MathError)?ABSOLUTE (__MathError):ABSOLUTE (__DefaultInterrupt)
                  0x00010e          0x4 LONG 0x2b4 DEFINED (__AltReservedTrap5)?ABSOLUTE (__AltReservedTrap5):DEFINED (__ReservedTrap5)?ABSOLUTE (__ReservedTrap5):ABSOLUTE (__DefaultInterrupt)
                  0x000110          0x4 LONG 0x2b4 DEFINED (__AltReservedTrap6)?ABSOLUTE (__AltReservedTrap6):DEFINED (__ReservedTrap6)?ABSOLUTE (__ReservedTrap6):ABSOLUTE (__DefaultInterrupt)
                  0x000112          0x4 LONG 0x2b4 DEFINED (__AltReservedTrap7)?ABSOLUTE (__AltReservedTrap7):DEFINED (__ReservedTrap7)?ABSOLUTE (__ReservedTrap7):ABSOLUTE (__DefaultInterrupt)
                  0x000114          0x4 LONG 0x2b4 DEFINED (__AltINT0Interrupt)?ABSOLUTE (__AltINT0Interrupt):DEFINED (__INT0Interrupt)?ABSOLUTE (__INT0Interrupt):ABSOLUTE (__DefaultInterrupt)
                  0x000116          0x4 LONG 0x2b4 DEFINED (__AltIC1Interrupt)?ABSOLUTE (__AltIC1Interrupt):DEFINED (__IC1Interrupt)?ABSOLUTE (__IC1Interrupt):ABSOLUTE (__DefaultInterrupt)
                  0x000118          0x4 LONG 0x2b4 DEFINED (__AltOC1Interrupt)?ABSOLUTE (__AltOC1Interrupt):DEFINED (__OC1Interrupt)?ABSOLUTE (__OC1Interrupt):ABSOLUTE (__DefaultInterrupt)
                  0x00011a          0x4 LONG 0x2b4 DEFINED (__AltT1Interrupt)?ABSOLUTE (__AltT1Interrupt):DEFINED (__T1Interrupt)?ABSOLUTE (__T1Interrupt):ABSOLUTE (__DefaultInterrupt)
                  0x00011c          0x4 LONG 0x2b4 DEFINED (__AltInterrupt4)?ABSOLUTE (__AltInterrupt4):DEFINED (__Interrupt4)?ABSOLUTE (__Interrupt4):ABSOLUTE (__DefaultInterrupt)
                  0x00011e          0x4 LONG 0x2b4 DEFINED (__AltInterrupt5)?ABSOLUTE (__AltInterrupt5):DEFINED (__Interrupt5)?ABSOLUTE (__Interrupt5):ABSOLUTE (__DefaultInterrupt)
                  0x000120          0x4 LONG 0x2b4 DEFINED (__AltInterrupt6)?ABSOLUTE (__AltInterrupt6):DEFINED (__Interrupt6)?ABSOLUTE (__Interrupt6):ABSOLUTE (__DefaultInterrupt)
                  0x000122          0x4 LONG 0x2b4 DEFINED (__AltT2Interrupt)?ABSOLUTE (__AltT2Interrupt):DEFINED (__T2Interrupt)?ABSOLUTE (__T2Interrupt):ABSOLUTE (__DefaultInterrupt)
                  0x000124          0x4 LONG 0x1fd0 DEFINED (__AltT3Interrupt)?ABSOLUTE (__AltT3Interrupt):DEFINED (__T3Interrupt)?ABSOLUTE (__T3Interrupt):ABSOLUTE (__DefaultInterrupt)
                  0x000126          0x4 LONG 0x2b4 DEFINED (__AltSPI1ErrInterrupt)?ABSOLUTE (__AltSPI1ErrInterrupt):DEFINED (__SPI1ErrInterrupt)?ABSOLUTE (__SPI1ErrInterrupt):ABSOLUTE (__DefaultInterrupt)
                  0x000128          0x4 LONG 0x2b4 DEFINED (__AltSPI1Interrupt)?ABSOLUTE (__AltSPI1Interrupt):DEFINED (__SPI1Interrupt)?ABSOLUTE (__SPI1Interrupt):ABSOLUTE (__DefaultInterrupt)
                  0x00012a          0x4 LONG 0x2a5e DEFINED (__AltU1RXInterrupt)?ABSOLUTE (__AltU1RXInterrupt):DEFINED (__U1RXInterrupt)?ABSOLUTE (__U1RXInterrupt):ABSOLUTE (__DefaultInterrupt)
                  0x00012c          0x4 LONG 0x2a1e DEFINED (__AltU1TXInterrupt)?ABSOLUTE (__AltU1TXInterrupt):DEFINED (__U1TXInterrupt)?ABSOLUTE (__U1TXInterrupt):ABSOLUTE (__DefaultInterrupt)
                  0x00012e          0x4 LONG 0x1f8a DEFINED (__AltADC1Interrupt)?ABSOLUTE (__AltADC1Interrupt):DEFINED (__ADC1Interrupt)?ABSOLUTE (__ADC1Interrupt):ABSOLUTE (__DefaultInterrupt)
                  0x000130          0x4 LONG 0x2b4 DEFINED (__AltInterrupt14)?ABSOLUTE (__AltInterrupt14):DEFINED (__Interrupt14)?ABSOLUTE (__Interrupt14):ABSOLUTE (__DefaultInterrupt)
                  0x000132          0x4 LONG 0x2b4 DEFINED (__AltNVMWriteInterrupt)?ABSOLUTE (__AltNVMWriteInterrupt):DEFINED (__NVMWriteInterrupt)?ABSOLUTE (__NVMWriteInterrupt):ABSOLUTE (__DefaultInterrupt)
                  0x000134          0x4 LONG 0x2b4 DEFINED (__AltSI2C1Interrupt)?ABSOLUTE (__AltSI2C1Interrupt):DEFINED (__SI2C1Interrupt)?ABSOLUTE (__SI2C1Interrupt):ABSOLUTE (__DefaultInterrupt)
                  0x000136          0x4 LONG 0x2b4 DEFINED (__AltMI2C1Interrupt)?ABSOLUTE (__AltMI2C1Interrupt):DEFINED (__MI2C1Interrupt)?ABSOLUTE (__MI2C1Interrupt):ABSOLUTE (__DefaultInterrupt)
                  0x000138          0x4 LONG 0x2b4 DEFINED (__AltCompInterrupt)?ABSOLUTE (__AltCompInterrupt):DEFINED (__CompInterrupt)?ABSOLUTE (__CompInterrupt):ABSOLUTE (__DefaultInterrupt)
                  0x00013a          0x4 LONG 0x2b4 DEFINED (__AltCNInterrupt)?ABSOLUTE (__AltCNInterrupt):DEFINED (__CNInterrupt)?ABSOLUTE (__CNInterrupt):ABSOLUTE (__DefaultInterrupt)
                  0x00013c          0x4 LONG 0x2b4 DEFINED (__AltINT1Interrupt)?ABSOLUTE (__AltINT1Interrupt):DEFINED (__INT1Interrupt)?ABSOLUTE (__INT1Interrupt):ABSOLUTE (__DefaultInterrupt)
                  0x00013e          0x4 LONG 0x2b4 DEFINED (__AltInterrupt21)?ABSOLUTE (__AltInterrupt21):DEFINED (__Interrupt21)?ABSOLUTE (__Interrupt21):ABSOLUTE (__DefaultInterrupt)
                  0x000140          0x4 LONG 0x2b4 DEFINED (__AltInterrupt22)?ABSOLUTE (__AltInterrupt22):DEFINED (__Interrupt22)?ABSOLUTE (__Interrupt22):ABSOLUTE (__DefaultInterrupt)
                  0x000142          0x4 LONG 0x2b4 DEFINED (__AltInterrupt23)?ABSOLUTE (__AltInterrupt23):DEFINED (__Interrupt23)?ABSOLUTE (__Interrupt23):ABSOLUTE (__DefaultInterrupt)
                  0x000144          0x4 LONG 0x2b4 DEFINED (__AltInterrupt24)?ABSOLUTE (__AltInterrupt24):DEFINED (__Interrupt24)?ABSOLUTE (__Interrupt24):ABSOLUTE (__DefaultInterrupt)
                  0x000146          0x4 LONG 0x2b4 DEFINED (__AltInterrupt25)?ABSOLUTE (__AltInterrupt25):DEFINED (__Interrupt25)?ABSOLUTE (__Interrupt25):ABSOLUTE (__DefaultInterrupt)
                  0x000148          0x4 LONG 0x2b4 DEFINED (__AltInterrupt26)?ABSOLUTE (__AltInterrupt26):DEFINED (__Interrupt26)?ABSOLUTE (__Interrupt26):ABSOLUTE (__DefaultInterrupt)
                  0x00014a          0x4 LONG 0x2b4 DEFINED (__AltInterrupt27)?ABSOLUTE (__AltInterrupt27):DEFINED (__Interrupt27)?ABSOLUTE (__Interrupt27):ABSOLUTE (__DefaultInterrupt)
                  0x00014c          0x4 LONG 0x2b4 DEFINED (__AltInterrupt28)?ABSOLUTE (__AltInterrupt28):DEFINED (__Interrupt28)?ABSOLUTE (__Interrupt28):ABSOLUTE (__DefaultInterrupt)
                  0x00014e          0x4 LONG 0x2b4 DEFINED (__AltINT2Interrupt)?ABSOLUTE (__AltINT2Interrupt):DEFINED (__INT2Interrupt)?ABSOLUTE (__INT2Interrupt):ABSOLUTE (__DefaultInterrupt)
                  0x000150          0x4 LONG 0x2b4 DEFINED (__AltU2RXInterrupt)?ABSOLUTE (__AltU2RXInterrupt):DEFINED (__U2RXInterrupt)?ABSOLUTE (__U2RXInterrupt):ABSOLUTE (__DefaultInterrupt)
                  0x000152          0x4 LONG 0x2b4 DEFINED (__AltU2TXInterrupt)?ABSOLUTE (__AltU2TXInterrupt):DEFINED (__U2TXInterrupt)?ABSOLUTE (__U2TXInterrupt):ABSOLUTE (__DefaultInterrupt)
                  0x000154          0x4 LONG 0x2b4 DEFINED (__AltInterrupt32)?ABSOLUTE (__AltInterrupt32):DEFINED (__Interrupt32)?ABSOLUTE (__Interrupt32):ABSOLUTE (__DefaultInterrupt)
                  0x000156          0x4 LONG 0x2b4 DEFINED (__AltInterrupt33)?ABSOLUTE (__AltInterrupt33):DEFINED (__Interrupt33)?ABSOLUTE (__Interrupt33):ABSOLUTE (__DefaultInterrupt)
                  0x000158          0x4 LONG 0x2b4 DEFINED (__AltInterrupt34)?ABSOLUTE (__AltInterrupt34):DEFINED (__Interrupt34)?ABSOLUTE (__Interrupt34):ABSOLUTE (__DefaultInterrupt)
                  0x00015a          0x4 LONG 0x2b4 DEFINED (__AltInterrupt35)?ABSOLUTE (__AltInterrupt35):DEFINED (__Interrupt35)?ABSOLUTE (__Interrupt35):ABSOLUTE (__DefaultInterrupt)
                  0x00015c          0x4 LONG 0x2b4 DEFINED (__AltInterrupt36)?ABSOLUTE (__AltInterrupt36):DEFINED (__Interrupt36)?ABSOLUTE (__Interrupt36):ABSOLUTE (__DefaultInterrupt)
                  0x00015e          0x4 LONG 0x2b4 DEFINED (__AltInterrupt37)?ABSOLUTE (__AltInterrupt37):DEFINED (__Interrupt37)?ABSOLUTE (__Interrupt37):ABSOLUTE (__DefaultInterrupt)
                  0x000160          0x4 LONG 0x2b4 DEFINED (__AltInterrupt38)?ABSOLUTE (__AltInterrupt38):DEFINED (__Interrupt38)?ABSOLUTE (__Interrupt38):ABSOLUTE (__DefaultInterrupt)
                  0x000162          0x4 LONG 0x2b4 DEFINED (__AltInterrupt39)?ABSOLUTE (__AltInterrupt39):DEFINED (__Interrupt39)?ABSOLUTE (__Interrupt39):ABSOLUTE (__DefaultInterrupt)
                  0x000164          0x4 LONG 0x2b4 DEFINED (__AltInterrupt40)?ABSOLUTE (__AltInterrupt40):DEFINED (__Interrupt40)?ABSOLUTE (__Interrupt40):ABSOLUTE (__DefaultInterrupt)
                  0x000166          0x4 LONG 0x2b4 DEFINED (__AltInterrupt41)?ABSOLUTE (__AltInterrupt41):DEFINED (__Interrupt41)?ABSOLUTE (__Interrupt41):ABSOLUTE (__DefaultInterrupt)
                  0x000168          0x4 LONG 0x2b4 DEFINED (__AltInterrupt42)?ABSOLUTE (__AltInterrupt42):DEFINED (__Interrupt42)?ABSOLUTE (__Interrupt42):ABSOLUTE (__DefaultInterrupt)
                  0x00016a          0x4 LONG 0x2b4 DEFINED (__AltInterrupt43)?ABSOLUTE (__AltInterrupt43):DEFINED (__Interrupt43)?ABSOLUTE (__Interrupt43):ABSOLUTE (__DefaultInterrupt)
                  0x00016c          0x4 LONG 0x2b4 DEFINED (__AltInterrupt44)?ABSOLUTE (__AltInterrupt44):DEFINED (__Interrupt44)?ABSOLUTE (__Interrupt44):ABSOLUTE (__DefaultInterrupt)
                  0x00016e          0x4 LONG 0x2b4 DEFINED (__AltInterrupt45)?ABSOLUTE (__AltInterrupt45):DEFINED (__Interrupt45)?ABSOLUTE (__Interrupt45):ABSOLUTE (__DefaultInterrupt)
                  0x000170          0x4 LONG 0x2b4 DEFINED (__AltInterrupt46)?ABSOLUTE (__AltInterrupt46):DEFINED (__Interrupt46)?ABSOLUTE (__Interrupt46):ABSOLUTE (__DefaultInterrupt)
                  0x000172          0x4 LONG 0x2b4 DEFINED (__AltInterrupt47)?ABSOLUTE (__AltInterrupt47):DEFINED (__Interrupt47)?ABSOLUTE (__Interrupt47):ABSOLUTE (__DefaultInterrupt)
                  0x000174          0x4 LONG 0x2b4 DEFINED (__AltInterrupt48)?ABSOLUTE (__AltInterrupt48):DEFINED (__Interrupt48)?ABSOLUTE (__Interrupt48):ABSOLUTE (__DefaultInterrupt)
                  0x000176          0x4 LONG 0x2b4 DEFINED (__AltInterrupt49)?ABSOLUTE (__AltInterrupt49):DEFINED (__Interrupt49)?ABSOLUTE (__Interrupt49):ABSOLUTE (__DefaultInterrupt)
                  0x000178          0x4 LONG 0x2b4 DEFINED (__AltInterrupt50)?ABSOLUTE (__AltInterrupt50):DEFINED (__Interrupt50)?ABSOLUTE (__Interrupt50):ABSOLUTE (__DefaultInterrupt)
                  0x00017a          0x4 LONG 0x2b4 DEFINED (__AltInterrupt51)?ABSOLUTE (__AltInterrupt51):DEFINED (__Interrupt51)?ABSOLUTE (__Interrupt51):ABSOLUTE (__DefaultInterrupt)
                  0x00017c          0x4 LONG 0x2b4 DEFINED (__AltInterrupt52)?ABSOLUTE (__AltInterrupt52):DEFINED (__Interrupt52)?ABSOLUTE (__Interrupt52):ABSOLUTE (__DefaultInterrupt)
                  0x00017e          0x4 LONG 0x2b4 DEFINED (__AltInterrupt53)?ABSOLUTE (__AltInterrupt53):DEFINED (__Interrupt53)?ABSOLUTE (__Interrupt53):ABSOLUTE (__DefaultInterrupt)
                  0x000180          0x4 LONG 0x2b4 DEFINED (__AltInterrupt54)?ABSOLUTE (__AltInterrupt54):DEFINED (__Interrupt54)?ABSOLUTE (__Interrupt54):ABSOLUTE (__DefaultInterrupt)
                  0x000182          0x4 LONG 0x2b4 DEFINED (__AltInterrupt55)?ABSOLUTE (__AltInterrupt55):DEFINED (__Interrupt55)?ABSOLUTE (__Interrupt55):ABSOLUTE (__DefaultInterrupt)
                  0x000184          0x4 LONG 0x2b4 DEFINED (__AltInterrupt56)?ABSOLUTE (__AltInterrupt56):DEFINED (__Interrupt56)?ABSOLUTE (__Interrupt56):ABSOLUTE (__DefaultInterrupt)
                  0x000186          0x4 LONG 0x2b4 DEFINED (__AltInterrupt57)?ABSOLUTE (__AltInterrupt57):DEFINED (__Interrupt57)?ABSOLUTE (__Interrupt57):ABSOLUTE (__DefaultInterrupt)
                  0x000188          0x4 LONG 0x2b4 DEFINED (__AltInterrupt58)?ABSOLUTE (__AltInterrupt58):DEFINED (__Interrupt58)?ABSOLUTE (__Interrupt58):ABSOLUTE (__DefaultInterrupt)
                  0x00018a          0x4 LONG 0x2b4 DEFINED (__AltInterrupt59)?ABSOLUTE (__AltInterrupt59):DEFINED (__Interrupt59)?ABSOLUTE (__Interrupt59):ABSOLUTE (__DefaultInterrupt)
                  0x00018c          0x4 LONG 0x2b4 DEFINED (__AltInterrupt60)?ABSOLUTE (__AltInterrupt60):DEFINED (__Interrupt60)?ABSOLUTE (__Interrupt60):ABSOLUTE (__DefaultInterrupt)
                  0x00018e          0x4 LONG 0x2b4 DEFINED (__AltInterrupt61)?ABSOLUTE (__AltInterrupt61):DEFINED (__Interrupt61)?ABSOLUTE (__Interrupt61):ABSOLUTE (__DefaultInterrupt)
                  0x000190          0x4 LONG 0x2b4 DEFINED (__AltRTCCInterrupt)?ABSOLUTE (__AltRTCCInterrupt):DEFINED (__RTCCInterrupt)?ABSOLUTE (__RTCCInterrupt):ABSOLUTE (__DefaultInterrupt)
                  0x000192          0x4 LONG 0x2b4 DEFINED (__AltInterrupt63)?ABSOLUTE (__AltInterrupt63):DEFINED (__Interrupt63)?ABSOLUTE (__Interrupt63):ABSOLUTE (__DefaultInterrupt)
                  0x000194          0x4 LONG 0x2b4 DEFINED (__AltInterrupt64)?ABSOLUTE (__AltInterrupt64):DEFINED (__Interrupt64)?ABSOLUTE (__Interrupt64):ABSOLUTE (__DefaultInterrupt)
                  0x000196          0x4 LONG 0x2b4 DEFINED (__AltU1ErrInterrupt)?ABSOLUTE (__AltU1ErrInterrupt):DEFINED (__U1ErrInterrupt)?ABSOLUTE (__U1ErrInterrupt):ABSOLUTE (__DefaultInterrupt)
                  0x000198          0x4 LONG 0x2b4 DEFINED (__AltU2ErrInterrupt)?ABSOLUTE (__AltU2ErrInterrupt):DEFINED (__U2ErrInterrupt)?ABSOLUTE (__U2ErrInterrupt):ABSOLUTE (__DefaultInterrupt)
                  0x00019a          0x4 LONG 0x2b4 DEFINED (__AltCRCInterrupt)?ABSOLUTE (__AltCRCInterrupt):DEFINED (__CRCInterrupt)?ABSOLUTE (__CRCInterrupt):ABSOLUTE (__DefaultInterrupt)
                  0x00019c          0x4 LONG 0x2b4 DEFINED (__AltInterrupt68)?ABSOLUTE (__AltInterrupt68):DEFINED (__Interrupt68)?ABSOLUTE (__Interrupt68):ABSOLUTE (__DefaultInterrupt)
                  0x00019e          0x4 LONG 0x2b4 DEFINED (__AltInterrupt69)?ABSOLUTE (__AltInterrupt69):DEFINED (__Interrupt69)?ABSOLUTE (__Interrupt69):ABSOLUTE (__DefaultInterrupt)
                  0x0001a0          0x4 LONG 0x2b4 DEFINED (__AltInterrupt70)?ABSOLUTE (__AltInterrupt70):DEFINED (__Interrupt70)?ABSOLUTE (__Interrupt70):ABSOLUTE (__DefaultInterrupt)
                  0x0001a2          0x4 LONG 0x2b4 DEFINED (__AltInterrupt71)?ABSOLUTE (__AltInterrupt71):DEFINED (__Interrupt71)?ABSOLUTE (__Interrupt71):ABSOLUTE (__DefaultInterrupt)
                  0x0001a4          0x4 LONG 0x2b4 DEFINED (__AltHLVDInterrupt)?ABSOLUTE (__AltHLVDInterrupt):DEFINED (__HLVDInterrupt)?ABSOLUTE (__HLVDInterrupt):ABSOLUTE (__DefaultInterrupt)
                  0x0001a6          0x4 LONG 0x2b4 DEFINED (__AltInterrupt73)?ABSOLUTE (__AltInterrupt73):DEFINED (__Interrupt73)?ABSOLUTE (__Interrupt73):ABSOLUTE (__DefaultInterrupt)
                  0x0001a8          0x4 LONG 0x2b4 DEFINED (__AltInterrupt74)?ABSOLUTE (__AltInterrupt74):DEFINED (__Interrupt74)?ABSOLUTE (__Interrupt74):ABSOLUTE (__DefaultInterrupt)
                  0x0001aa          0x4 LONG 0x2b4 DEFINED (__AltInterrupt75)?ABSOLUTE (__AltInterrupt75):DEFINED (__Interrupt75)?ABSOLUTE (__Interrupt75):ABSOLUTE (__DefaultInterrupt)
                  0x0001ac          0x4 LONG 0x2b4 DEFINED (__AltInterrupt76)?ABSOLUTE (__AltInterrupt76):DEFINED (__Interrupt76)?ABSOLUTE (__Interrupt76):ABSOLUTE (__DefaultInterrupt)
                  0x0001ae          0x4 LONG 0x2b4 DEFINED (__AltCTMUInterrupt)?ABSOLUTE (__AltCTMUInterrupt):DEFINED (__CTMUInterrupt)?ABSOLUTE (__CTMUInterrupt):ABSOLUTE (__DefaultInterrupt)
                  0x0001b0          0x4 LONG 0x2b4 DEFINED (__AltInterrupt78)?ABSOLUTE (__AltInterrupt78):DEFINED (__Interrupt78)?ABSOLUTE (__Interrupt78):ABSOLUTE (__DefaultInterrupt)
                  0x0001b2          0x4 LONG 0x2b4 DEFINED (__AltInterrupt79)?ABSOLUTE (__AltInterrupt79):DEFINED (__Interrupt79)?ABSOLUTE (__Interrupt79):ABSOLUTE (__DefaultInterrupt)
                  0x0001b4          0x4 LONG 0x2b4 DEFINED (__AltInterrupt80)?ABSOLUTE (__AltInterrupt80):DEFINED (__Interrupt80)?ABSOLUTE (__Interrupt80):ABSOLUTE (__DefaultInterrupt)
                  0x0001b6          0x4 LONG 0x2b4 DEFINED (__AltInterrupt81)?ABSOLUTE (__AltInterrupt81):DEFINED (__Interrupt81)?ABSOLUTE (__Interrupt81):ABSOLUTE (__DefaultInterrupt)
                  0x0001b8          0x4 LONG 0x2b4 DEFINED (__AltInterrupt82)?ABSOLUTE (__AltInterrupt82):DEFINED (__Interrupt82)?ABSOLUTE (__Interrupt82):ABSOLUTE (__DefaultInterrupt)
                  0x0001ba          0x4 LONG 0x2b4 DEFINED (__AltInterrupt83)?ABSOLUTE (__AltInterrupt83):DEFINED (__Interrupt83)?ABSOLUTE (__Interrupt83):ABSOLUTE (__DefaultInterrupt)
                  0x0001bc          0x4 LONG 0x2b4 DEFINED (__AltInterrupt84)?ABSOLUTE (__AltInterrupt84):DEFINED (__Interrupt84)?ABSOLUTE (__Interrupt84):ABSOLUTE (__DefaultInterrupt)
                  0x0001be          0x4 LONG 0x2b4 DEFINED (__AltInterrupt85)?ABSOLUTE (__AltInterrupt85):DEFINED (__Interrupt85)?ABSOLUTE (__Interrupt85):ABSOLUTE (__DefaultInterrupt)
                  0x0001c0          0x4 LONG 0x2b4 DEFINED (__AltInterrupt86)?ABSOLUTE (__AltInterrupt86):DEFINED (__Interrupt86)?ABSOLUTE (__Interrupt86):ABSOLUTE (__DefaultInterrupt)
                  0x0001c2          0x4 LONG 0x2b4 DEFINED (__AltInterrupt87)?ABSOLUTE (__AltInterrupt87):DEFINED (__Interrupt87)?ABSOLUTE (__Interrupt87):ABSOLUTE (__DefaultInterrupt)
                  0x0001c4          0x4 LONG 0x2b4 DEFINED (__AltInterrupt88)?ABSOLUTE (__AltInterrupt88):DEFINED (__Interrupt88)?ABSOLUTE (__Interrupt88):ABSOLUTE (__DefaultInterrupt)
                  0x0001c6          0x4 LONG 0x2b4 DEFINED (__AltInterrupt89)?ABSOLUTE (__AltInterrupt89):DEFINED (__Interrupt89)?ABSOLUTE (__Interrupt89):ABSOLUTE (__DefaultInterrupt)
                  0x0001c8          0x4 LONG 0x2b4 DEFINED (__AltInterrupt90)?ABSOLUTE (__AltInterrupt90):DEFINED (__Interrupt90)?ABSOLUTE (__Interrupt90):ABSOLUTE (__DefaultInterrupt)
                  0x0001ca          0x4 LONG 0x2b4 DEFINED (__AltInterrupt91)?ABSOLUTE (__AltInterrupt91):DEFINED (__Interrupt91)?ABSOLUTE (__Interrupt91):ABSOLUTE (__DefaultInterrupt)
                  0x0001cc          0x4 LONG 0x2b4 DEFINED (__AltInterrupt92)?ABSOLUTE (__AltInterrupt92):DEFINED (__Interrupt92)?ABSOLUTE (__Interrupt92):ABSOLUTE (__DefaultInterrupt)
                  0x0001ce          0x4 LONG 0x2b4 DEFINED (__AltInterrupt93)?ABSOLUTE (__AltInterrupt93):DEFINED (__Interrupt93)?ABSOLUTE (__Interrupt93):ABSOLUTE (__DefaultInterrupt)
                  0x0001d0          0x4 LONG 0x2b4 DEFINED (__AltInterrupt94)?ABSOLUTE (__AltInterrupt94):DEFINED (__Interrupt94)?ABSOLUTE (__Interrupt94):ABSOLUTE (__DefaultInterrupt)
                  0x0001d2          0x4 LONG 0x2b4 DEFINED (__AltInterrupt95)?ABSOLUTE (__AltInterrupt95):DEFINED (__Interrupt95)?ABSOLUTE (__Interrupt95):ABSOLUTE (__DefaultInterrupt)
                  0x0001d4          0x4 LONG 0x2b4 DEFINED (__AltInterrupt96)?ABSOLUTE (__AltInterrupt96):DEFINED (__Interrupt96)?ABSOLUTE (__Interrupt96):ABSOLUTE (__DefaultInterrupt)
                  0x0001d6          0x4 LONG 0x2b4 DEFINED (__AltInterrupt97)?ABSOLUTE (__AltInterrupt97):DEFINED (__Interrupt97)?ABSOLUTE (__Interrupt97):ABSOLUTE (__DefaultInterrupt)
                  0x0001d8          0x4 LONG 0x2b4 DEFINED (__AltInterrupt98)?ABSOLUTE (__AltInterrupt98):DEFINED (__Interrupt98)?ABSOLUTE (__Interrupt98):ABSOLUTE (__DefaultInterrupt)
                  0x0001da          0x4 LONG 0x2b4 DEFINED (__AltInterrupt99)?ABSOLUTE (__AltInterrupt99):DEFINED (__Interrupt99)?ABSOLUTE (__Interrupt99):ABSOLUTE (__DefaultInterrupt)
                  0x0001dc          0x4 LONG 0x2b4 DEFINED (__AltInterrupt100)?ABSOLUTE (__AltInterrupt100):DEFINED (__Interrupt100)?ABSOLUTE (__Interrupt100):ABSOLUTE (__DefaultInterrupt)
                  0x0001de          0x4 LONG 0x2b4 DEFINED (__AltInterrupt101)?ABSOLUTE (__AltInterrupt101):DEFINED (__Interrupt101)?ABSOLUTE (__Interrupt101):ABSOLUTE (__DefaultInterrupt)
                  0x0001e0          0x4 LONG 0x2b4 DEFINED (__AltInterrupt102)?ABSOLUTE (__AltInterrupt102):DEFINED (__Interrupt102)?ABSOLUTE (__Interrupt102):ABSOLUTE (__DefaultInterrupt)
                  0x0001e2          0x4 LONG 0x2b4 DEFINED (__AltInterrupt103)?ABSOLUTE (__AltInterrupt103):DEFINED (__Interrupt103)?ABSOLUTE (__Interrupt103):ABSOLUTE (__DefaultInterrupt)
                  0x0001e4          0x4 LONG 0x2b4 DEFINED (__AltInterrupt104)?ABSOLUTE (__AltInterrupt104):DEFINED (__Interrupt104)?ABSOLUTE (__Interrupt104):ABSOLUTE (__DefaultInterrupt)
                  0x0001e6          0x4 LONG 0x2b4 DEFINED (__AltInterrupt105)?ABSOLUTE (__AltInterrupt105):DEFINED (__Interrupt105)?ABSOLUTE (__Interrupt105):ABSOLUTE (__DefaultInterrupt)
                  0x0001e8          0x4 LONG 0x2b4 DEFINED (__AltInterrupt106)?ABSOLUTE (__AltInterrupt106):DEFINED (__Interrupt106)?ABSOLUTE (__Interrupt106):ABSOLUTE (__DefaultInterrupt)
                  0x0001ea          0x4 LONG 0x2b4 DEFINED (__AltInterrupt107)?ABSOLUTE (__AltInterrupt107):DEFINED (__Interrupt107)?ABSOLUTE (__Interrupt107):ABSOLUTE (__DefaultInterrupt)
                  0x0001ec          0x4 LONG 0x2b4 DEFINED (__AltInterrupt108)?ABSOLUTE (__AltInterrupt108):DEFINED (__Interrupt108)?ABSOLUTE (__Interrupt108):ABSOLUTE (__DefaultInterrupt)
                  0x0001ee          0x4 LONG 0x2b4 DEFINED (__AltInterrupt109)?ABSOLUTE (__AltInterrupt109):DEFINED (__Interrupt109)?ABSOLUTE (__Interrupt109):ABSOLUTE (__DefaultInterrupt)
                  0x0001f0          0x4 LONG 0x2b4 DEFINED (__AltInterrupt110)?ABSOLUTE (__AltInterrupt110):DEFINED (__Interrupt110)?ABSOLUTE (__Interrupt110):ABSOLUTE (__DefaultInterrupt)
                  0x0001f2          0x4 LONG 0x2b4 DEFINED (__AltInterrupt111)?ABSOLUTE (__AltInterrupt111):DEFINED (__Interrupt111)?ABSOLUTE (__Interrupt111):ABSOLUTE (__DefaultInterrupt)
                  0x0001f4          0x4 LONG 0x2b4 DEFINED (__AltInterrupt112)?ABSOLUTE (__AltInterrupt112):DEFINED (__Interrupt112)?ABSOLUTE (__Interrupt112):ABSOLUTE (__DefaultInterrupt)
                  0x0001f6          0x4 LONG 0x2b4 DEFINED (__AltInterrupt113)?ABSOLUTE (__AltInterrupt113):DEFINED (__Interrupt113)?ABSOLUTE (__Interrupt113):ABSOLUTE (__DefaultInterrupt)
                  0x0001f8          0x4 LONG 0x2b4 DEFINED (__AltInterrupt114)?ABSOLUTE (__AltInterrupt114):DEFINED (__Interrupt114)?ABSOLUTE (__Interrupt114):ABSOLUTE (__DefaultInterrupt)
                  0x0001fa          0x4 LONG 0x2b4 DEFINED (__AltInterrupt115)?ABSOLUTE (__AltInterrupt115):DEFINED (__Interrupt115)?ABSOLUTE (__Interrupt115):ABSOLUTE (__DefaultInterrupt)
                  0x0001fc          0x4 LONG 0x2b4 DEFINED (__AltInterrupt116)?ABSOLUTE (__AltInterrupt116):DEFINED (__Interrupt116)?ABSOLUTE (__Interrupt116):ABSOLUTE (__DefaultInterrupt)
                  0x0001fe          0x4 LONG 0x2b4 DEFINED (__AltInterrupt117)?ABSOLUTE (__AltInterrupt117):DEFINED (__Interrupt117)?ABSOLUTE (__Interrupt117):ABSOLUTE (__DefaultInterrupt)
                    0x0000                  WREG0 = 0x0
                    0x0000                  _WREG0 = 0x0
                    0x0002                  WREG1 = 0x2
                    0x0002                  _WREG1 = 0x2
                    0x0004                  WREG2 = 0x4
                    0x0004                  _WREG2 = 0x4
                    0x0006                  WREG3 = 0x6
                    0x0006                  _WREG3 = 0x6
                    0x0008                  WREG4 = 0x8
                    0x0008                  _WREG4 = 0x8
                    0x000a                  WREG5 = 0xa
                    0x000a                  _WREG5 = 0xa
                    0x000c                  WREG6 = 0xc
                    0x000c                  _WREG6 = 0xc
                    0x000e                  WREG7 = 0xe
                    0x000e                  _WREG7 = 0xe
                    0x0010                  WREG8 = 0x10
                    0x0010                  _WREG8 = 0x10
                    0x0012                  WREG9 = 0x12
                    0x0012                  _WREG9 = 0x12
                    0x0014                  WREG10 = 0x14
                    0x0014                  _WREG10 = 0x14
                    0x0016                  WREG11 = 0x16
                    0x0016                  _WREG11 = 0x16
                    0x0018                  WREG12 = 0x18
                    0x0018                  _WREG12 = 0x18
                    0x001a                  WREG13 = 0x1a
                    0x001a                  _WREG13 = 0x1a
                    0x001c                  WREG14 = 0x1c
                    0x001c                  _WREG14 = 0x1c
                    0x001e                  WREG15 = 0x1e
                    0x001e                  _WREG15 = 0x1e
                    0x0020                  SPLIM = 0x20
                    0x0020                  _SPLIM = 0x20
                    0x002e                  PCL = 0x2e
                    0x002e                  _PCL = 0x2e
                    0x0030                  PCH = 0x30
                    0x0030                  _PCH = 0x30
                    0x0032                  TBLPAG = 0x32
                    0x0032                  _TBLPAG = 0x32
                    0x0034                  PSVPAG = 0x34
                    0x0034                  _PSVPAG = 0x34
                    0x0036                  RCOUNT = 0x36
                    0x0036                  _RCOUNT = 0x36
                    0x0042                  SR = 0x42
                    0x0042                  _SR = 0x42
                    0x0042                  _SRbits = 0x42
                    0x0044                  CORCON = 0x44
                    0x0044                  _CORCON = 0x44
                    0x0044                  _CORCONbits = 0x44
                    0x0052                  DISICNT = 0x52
                    0x0052                  _DISICNT = 0x52
                    0x0060                  CNEN1 = 0x60
                    0x0060                  _CNEN1 = 0x60
                    0x0060                  _CNEN1bits = 0x60
                    0x0062                  CNEN2 = 0x62
                    0x0062                  _CNEN2 = 0x62
                    0x0062                  _CNEN2bits = 0x62
                    0x0068                  CNPU1 = 0x68
                    0x0068                  _CNPU1 = 0x68
                    0x0068                  _CNPU1bits = 0x68
                    0x006a                  CNPU2 = 0x6a
                    0x006a                  _CNPU2 = 0x6a
                    0x006a                  _CNPU2bits = 0x6a
                    0x0070                  CNPD1 = 0x70
                    0x0070                  _CNPD1 = 0x70
                    0x0070                  _CNPD1bits = 0x70
                    0x0072                  CNPD2 = 0x72
                    0x0072                  _CNPD2 = 0x72
                    0x0072                  _CNPD2bits = 0x72
                    0x0080                  INTCON1 = 0x80
                    0x0080                  _INTCON1 = 0x80
                    0x0080                  _INTCON1bits = 0x80
                    0x0082                  INTCON2 = 0x82
                    0x0082                  _INTCON2 = 0x82
                    0x0082                  _INTCON2bits = 0x82
                    0x0084                  IFS0 = 0x84
                    0x0084                  _IFS0 = 0x84
                    0x0084                  _IFS0bits = 0x84
                    0x0086                  IFS1 = 0x86
                    0x0086                  _IFS1 = 0x86
                    0x0086                  _IFS1bits = 0x86
                    0x008a                  IFS3 = 0x8a
                    0x008a                  _IFS3 = 0x8a
                    0x008a                  _IFS3bits = 0x8a
                    0x008c                  IFS4 = 0x8c
                    0x008c                  _IFS4 = 0x8c
                    0x008c                  _IFS4bits = 0x8c
                    0x0094                  IEC0 = 0x94
                    0x0094                  _IEC0 = 0x94
                    0x0094                  _IEC0bits = 0x94
                    0x0096                  IEC1 = 0x96
                    0x0096                  _IEC1 = 0x96
                    0x0096                  _IEC1bits = 0x96
                    0x009a                  IEC3 = 0x9a
                    0x009a                  _IEC3 = 0x9a
                    0x009a                  _IEC3bits = 0x9a
                    0x009c                  IEC4 = 0x9c
                    0x009c                  _IEC4 = 0x9c
                    0x009c                  _IEC4bits = 0x9c
                    0x00a4                  IPC0 = 0xa4
                    0x00a4                  _IPC0 = 0xa4
                    0x00a4                  _IPC0bits = 0xa4
                    0x00a6                  IPC1 = 0xa6
                    0x00a6                  _IPC1 = 0xa6
                    0x00a6                  _IPC1bits = 0xa6
                    0x00a8                  IPC2 = 0xa8
                    0x00a8                  _IPC2 = 0xa8
                    0x00a8                  _IPC2bits = 0xa8
                    0x00aa                  IPC3 = 0xaa
                    0x00aa                  _IPC3 = 0xaa
                    0x00aa                  _IPC3bits = 0xaa
                    0x00ac                  IPC4 = 0xac
                    0x00ac                  _IPC4 = 0xac
                    0x00ac                  _IPC4bits = 0xac
                    0x00ae                  IPC5 = 0xae
                    0x00ae                  _IPC5 = 0xae
                    0x00ae                  _IPC5bits = 0xae
                    0x00b2                  IPC7 = 0xb2
                    0x00b2                  _IPC7 = 0xb2
                    0x00b2                  _IPC7bits = 0xb2
                    0x00c2                  IPC15 = 0xc2
                    0x00c2                  _IPC15 = 0xc2
                    0x00c2                  _IPC15bits = 0xc2
                    0x00c4                  IPC16 = 0xc4
                    0x00c4                  _IPC16 = 0xc4
                    0x00c4                  _IPC16bits = 0xc4
                    0x00c8                  IPC18 = 0xc8
                    0x00c8                  _IPC18 = 0xc8
                    0x00c8                  _IPC18bits = 0xc8
                    0x00ca                  IPC19 = 0xca
                    0x00ca                  _IPC19 = 0xca
                    0x00ca                  _IPC19bits = 0xca
                    0x00e0                  INTTREG = 0xe0
                    0x00e0                  _INTTREG = 0xe0
                    0x00e0                  _INTTREGbits = 0xe0
                    0x0100                  TMR1 = 0x100
                    0x0100                  _TMR1 = 0x100
                    0x0102                  PR1 = 0x102
                    0x0102                  _PR1 = 0x102
                    0x0104                  T1CON = 0x104
                    0x0104                  _T1CON = 0x104
                    0x0104                  _T1CONbits = 0x104
                    0x0106                  TMR2 = 0x106
                    0x0106                  _TMR2 = 0x106
                    0x0108                  TMR3HLD = 0x108
                    0x0108                  _TMR3HLD = 0x108
                    0x010a                  TMR3 = 0x10a
                    0x010a                  _TMR3 = 0x10a
                    0x010c                  PR2 = 0x10c
                    0x010c                  _PR2 = 0x10c
                    0x010e                  PR3 = 0x10e
                    0x010e                  _PR3 = 0x10e
                    0x0110                  T2CON = 0x110
                    0x0110                  _T2CON = 0x110
                    0x0110                  _T2CONbits = 0x110
                    0x0112                  T3CON = 0x112
                    0x0112                  _T3CON = 0x112
                    0x0112                  _T3CONbits = 0x112
                    0x0140                  IC1BUF = 0x140
                    0x0140                  _IC1BUF = 0x140
                    0x0142                  IC1CON = 0x142
                    0x0142                  _IC1CON = 0x142
                    0x0142                  _IC1CONbits = 0x142
                    0x0180                  OC1RS = 0x180
                    0x0180                  _OC1RS = 0x180
                    0x0182                  OC1R = 0x182
                    0x0182                  _OC1R = 0x182
                    0x0184                  OC1CON = 0x184
                    0x0184                  _OC1CON = 0x184
                    0x0184                  _OC1CONbits = 0x184
                    0x0200                  I2C1RCV = 0x200
                    0x0200                  _I2C1RCV = 0x200
                    0x0202                  I2C1TRN = 0x202
                    0x0202                  _I2C1TRN = 0x202
                    0x0204                  I2C1BRG = 0x204
                    0x0204                  _I2C1BRG = 0x204
                    0x0206                  I2C1CON = 0x206
                    0x0206                  _I2C1CON = 0x206
                    0x0206                  _I2C1CONbits = 0x206
                    0x0208                  I2C1STAT = 0x208
                    0x0208                  _I2C1STAT = 0x208
                    0x0208                  _I2C1STATbits = 0x208
                    0x020a                  I2C1ADD = 0x20a
                    0x020a                  _I2C1ADD = 0x20a
                    0x020c                  I2C1MSK = 0x20c
                    0x020c                  _I2C1MSK = 0x20c
                    0x020c                  _I2C1MSKbits = 0x20c
                    0x0220                  U1MODE = 0x220
                    0x0220                  _U1MODE = 0x220
                    0x0220                  _U1MODEbits = 0x220
                    0x0222                  U1STA = 0x222
                    0x0222                  _U1STA = 0x222
                    0x0222                  _U1STAbits = 0x222
                    0x0224                  U1TXREG = 0x224
                    0x0224                  _U1TXREG = 0x224
                    0x0226                  U1RXREG = 0x226
                    0x0226                  _U1RXREG = 0x226
                    0x0228                  U1BRG = 0x228
                    0x0228                  _U1BRG = 0x228
                    0x0230                  U2MODE = 0x230
                    0x0230                  _U2MODE = 0x230
                    0x0230                  _U2MODEbits = 0x230
                    0x0232                  U2STA = 0x232
                    0x0232                  _U2STA = 0x232
                    0x0232                  _U2STAbits = 0x232
                    0x0234                  U2TXREG = 0x234
                    0x0234                  _U2TXREG = 0x234
                    0x0236                  U2RXREG = 0x236
                    0x0236                  _U2RXREG = 0x236
                    0x0238                  U2BRG = 0x238
                    0x0238                  _U2BRG = 0x238
                    0x0240                  SPI1STAT = 0x240
                    0x0240                  _SPI1STAT = 0x240
                    0x0240                  _SPI1STATbits = 0x240
                    0x0242                  SPI1CON1 = 0x242
                    0x0242                  _SPI1CON1 = 0x242
                    0x0242                  _SPI1CON1bits = 0x242
                    0x0244                  SPI1CON2 = 0x244
                    0x0244                  _SPI1CON2 = 0x244
                    0x0244                  _SPI1CON2bits = 0x244
                    0x0248                  SPI1BUF = 0x248
                    0x0248                  _SPI1BUF = 0x248
                    0x02c0                  TRISA = 0x2c0
                    0x02c0                  _TRISA = 0x2c0
                    0x02c0                  _TRISAbits = 0x2c0
                    0x02c2                  PORTA = 0x2c2
                    0x02c2                  _PORTA = 0x2c2
                    0x02c2                  _PORTAbits = 0x2c2
                    0x02c4                  LATA = 0x2c4
                    0x02c4                  _LATA = 0x2c4
                    0x02c4                  _LATAbits = 0x2c4
                    0x02c6                  ODCA = 0x2c6
                    0x02c6                  _ODCA = 0x2c6
                    0x02c6                  _ODCAbits = 0x2c6
                    0x02c8                  TRISB = 0x2c8
                    0x02c8                  _TRISB = 0x2c8
                    0x02c8                  _TRISBbits = 0x2c8
                    0x02ca                  PORTB = 0x2ca
                    0x02ca                  _PORTB = 0x2ca
                    0x02ca                  _PORTBbits = 0x2ca
                    0x02cc                  LATB = 0x2cc
                    0x02cc                  _LATB = 0x2cc
                    0x02cc                  _LATBbits = 0x2cc
                    0x02ce                  ODCB = 0x2ce
                    0x02ce                  _ODCB = 0x2ce
                    0x02ce                  _ODCBbits = 0x2ce
                    0x02fc                  PADCFG1 = 0x2fc
                    0x02fc                  _PADCFG1 = 0x2fc
                    0x02fc                  _PADCFG1bits = 0x2fc
                    0x0300                  ADC1BUF0 = 0x300
                    0x0300                  _ADC1BUF0 = 0x300
                    0x0302                  ADC1BUF1 = 0x302
                    0x0302                  _ADC1BUF1 = 0x302
                    0x0304                  ADC1BUF2 = 0x304
                    0x0304                  _ADC1BUF2 = 0x304
                    0x0306                  ADC1BUF3 = 0x306
                    0x0306                  _ADC1BUF3 = 0x306
                    0x0308                  ADC1BUF4 = 0x308
                    0x0308                  _ADC1BUF4 = 0x308
                    0x030a                  ADC1BUF5 = 0x30a
                    0x030a                  _ADC1BUF5 = 0x30a
                    0x030c                  ADC1BUF6 = 0x30c
                    0x030c                  _ADC1BUF6 = 0x30c
                    0x030e                  ADC1BUF7 = 0x30e
                    0x030e                  _ADC1BUF7 = 0x30e
                    0x0310                  ADC1BUF8 = 0x310
                    0x0310                  _ADC1BUF8 = 0x310
                    0x0312                  ADC1BUF9 = 0x312
                    0x0312                  _ADC1BUF9 = 0x312
                    0x0314                  ADC1BUFA = 0x314
                    0x0314                  _ADC1BUFA = 0x314
                    0x0316                  ADC1BUFB = 0x316
                    0x0316                  _ADC1BUFB = 0x316
                    0x0318                  ADC1BUFC = 0x318
                    0x0318                  _ADC1BUFC = 0x318
                    0x031a                  ADC1BUFD = 0x31a
                    0x031a                  _ADC1BUFD = 0x31a
                    0x031c                  ADC1BUFE = 0x31c
                    0x031c                  _ADC1BUFE = 0x31c
                    0x031e                  ADC1BUFF = 0x31e
                    0x031e                  _ADC1BUFF = 0x31e
                    0x0320                  AD1CON1 = 0x320
                    0x0320                  _AD1CON1 = 0x320
                    0x0320                  _AD1CON1bits = 0x320
                    0x0322                  AD1CON2 = 0x322
                    0x0322                  _AD1CON2 = 0x322
                    0x0322                  _AD1CON2bits = 0x322
                    0x0324                  AD1CON3 = 0x324
                    0x0324                  _AD1CON3 = 0x324
                    0x0324                  _AD1CON3bits = 0x324
                    0x0328                  AD1CHS = 0x328
                    0x0328                  _AD1CHS = 0x328
                    0x0328                  _AD1CHSbits = 0x328
                    0x032c                  AD1PCFG = 0x32c
                    0x032c                  _AD1PCFG = 0x32c
                    0x032c                  _AD1PCFGbits = 0x32c
                    0x0330                  AD1CSSL = 0x330
                    0x0330                  _AD1CSSL = 0x330
                    0x0330                  _AD1CSSLbits = 0x330
                    0x033c                  CTMUCON = 0x33c
                    0x033c                  _CTMUCON = 0x33c
                    0x033c                  _CTMUCONbits = 0x33c
                    0x033e                  CTMUICON = 0x33e
                    0x033e                  _CTMUICON = 0x33e
                    0x033e                  _CTMUICONbits = 0x33e
                    0x0620                  ALRMVAL = 0x620
                    0x0620                  _ALRMVAL = 0x620
                    0x0622                  ALCFGRPT = 0x622
                    0x0622                  _ALCFGRPT = 0x622
                    0x0622                  _ALCFGRPTbits = 0x622
                    0x0624                  RTCVAL = 0x624
                    0x0624                  _RTCVAL = 0x624
                    0x0626                  RCFGCAL = 0x626
                    0x0626                  _RCFGCAL = 0x626
                    0x0626                  _RCFGCALbits = 0x626
                    0x0630                  CMSTAT = 0x630
                    0x0630                  _CMSTAT = 0x630
                    0x0630                  _CMSTATbits = 0x630
                    0x0632                  CVRCON = 0x632
                    0x0632                  _CVRCON = 0x632
                    0x0632                  _CVRCONbits = 0x632
                    0x0634                  CM1CON = 0x634
                    0x0634                  _CM1CON = 0x634
                    0x0634                  _CM1CONbits = 0x634
                    0x0636                  CM2CON = 0x636
                    0x0636                  _CM2CON = 0x636
                    0x0636                  _CM2CONbits = 0x636
                    0x0640                  CRCCON = 0x640
                    0x0640                  _CRCCON = 0x640
                    0x0640                  _CRCCONbits = 0x640
                    0x0642                  CRCXOR = 0x642
                    0x0642                  _CRCXOR = 0x642
                    0x0644                  CRCDAT = 0x644
                    0x0644                  _CRCDAT = 0x644
                    0x0646                  CRCWDAT = 0x646
                    0x0646                  _CRCWDAT = 0x646
                    0x0740                  RCON = 0x740
                    0x0740                  _RCON = 0x740
                    0x0740                  _RCONbits = 0x740
                    0x0742                  OSCCON = 0x742
                    0x0742                  _OSCCON = 0x742
                    0x0742                  _OSCCONbits = 0x742
                    0x0742                  OSCCONL = 0x742
                    0x0742                  _OSCCONL = 0x742
                    0x0743                  OSCCONH = 0x743
                    0x0743                  _OSCCONH = 0x743
                    0x0744                  CLKDIV = 0x744
                    0x0744                  _CLKDIV = 0x744
                    0x0744                  _CLKDIVbits = 0x744
                    0x0748                  OSCTUN = 0x748
                    0x0748                  _OSCTUN = 0x748
                    0x0748                  _OSCTUNbits = 0x748
                    0x074e                  REFOCON = 0x74e
                    0x074e                  _REFOCON = 0x74e
                    0x074e                  _REFOCONbits = 0x74e
                    0x0756                  HLVDCON = 0x756
                    0x0756                  _HLVDCON = 0x756
                    0x0756                  _HLVDCONbits = 0x756
                    0x0758                  DSCON = 0x758
                    0x0758                  _DSCON = 0x758
                    0x0758                  _DSCONbits = 0x758
                    0x075a                  DSWAKE = 0x75a
                    0x075a                  _DSWAKE = 0x75a
                    0x075a                  _DSWAKEbits = 0x75a
                    0x075a                  DSWSRC = 0x75a
                    0x075a                  _DSWSRC = 0x75a
                    0x075a                  _DSWSRCbits = 0x75a
                    0x075c                  DSGPR0 = 0x75c
                    0x075c                  _DSGPR0 = 0x75c
                    0x075e                  DSGPR1 = 0x75e
                    0x075e                  _DSGPR1 = 0x75e
                    0x0760                  NVMCON = 0x760
                    0x0760                  _NVMCON = 0x760
                    0x0760                  _NVMCONbits = 0x760
                    0x0766                  NVMKEY = 0x766
                    0x0766                  _NVMKEY = 0x766
                    0x0766                  _NVMKEYbits = 0x766
                    0x0770                  PMD1 = 0x770
                    0x0770                  _PMD1 = 0x770
                    0x0770                  _PMD1bits = 0x770
                    0x0772                  PMD2 = 0x772
                    0x0772                  _PMD2 = 0x772
                    0x0772                  _PMD2bits = 0x772
                    0x0774                  PMD3 = 0x774
                    0x0774                  _PMD3 = 0x774
                    0x0774                  _PMD3bits = 0x774
                    0x0776                  PMD4 = 0x776
                    0x0776                  _PMD4 = 0x776
                    0x0776                  _PMD4bits = 0x776
                    0x0140                  IC1 = 0x140
                    0x0140                  _IC1 = 0x140
                    0x0180                  OC1 = 0x180
                    0x0180                  _OC1 = 0x180
                    0x0240                  SPI1 = 0x240
                    0x0240                  _SPI1 = 0x240
                    0x0220                  UART1 = 0x220
                    0x0220                  _UART1 = 0x220
                    0x0230                  UART2 = 0x230
                    0x0230                  _UART2 = 0x230
START GROUP
LOAD d:/program files (x86)/microchip/xc16/v1.21/bin/bin/../../lib\libfx-elf.a
LOAD d:/program files (x86)/microchip/xc16/v1.21/bin/bin/../../lib\libpic30-elf.a
LOAD d:/program files (x86)/microchip/xc16/v1.21/bin/bin/../../lib\libm-elf.a
LOAD d:/program files (x86)/microchip/xc16/v1.21/bin/bin/../../lib\libc-elf.a
END GROUP
OUTPUT(dist/default/production/power_monitor.X.production.elf elf32-pic30)
LOAD default_isr
LOAD data_init

.debug_pubtypes
                  0x0000f0        0x5e7
 .debug_pubtypes
                  0x0000f0         0xa3 build/default/production/_ext/979045630/heltec_oled_driver.o
 .debug_pubtypes
                  0x000193        0x216 build/default/production/_ext/979045630/lowlevel.o
 .debug_pubtypes
                  0x0003a9         0xb2 build/default/production/_ext/979045630/main.o
 .debug_pubtypes
                  0x00045b         0x37 build/default/production/_ext/979045630/ina219.o
 .debug_pubtypes
                  0x000492         0x5a build/default/production/_ext/979045630/i2c_Func.o
 .debug_pubtypes
                  0x0004ec         0xc8 build/default/production/_ext/979045630/n5110_lcd_driver.o
 .debug_pubtypes
                  0x0005b4         0x84 build/default/production/_ext/979045630/uart.o
 .debug_pubtypes
                  0x000638         0x2a build/default/production/_ext/979045630/converter.o
 .debug_pubtypes
                  0x000662         0x40 build/default/production/_ext/979045630/eeprom.o
 .debug_pubtypes
                  0x0006a2         0x35 build/default/production/_ext/979045630/traps.o

__c30_signature
                  0x0006d8         0xd2
 __c30_signature
                  0x0006d8          0x6 build/default/production/_ext/979045630/heltec_oled_driver.o
 __c30_signature
                  0x0006de          0x6 build/default/production/_ext/979045630/lowlevel.o
 __c30_signature
                  0x0006e4          0x6 build/default/production/_ext/979045630/main.o
 __c30_signature
                  0x0006ea          0x6 build/default/production/_ext/979045630/ina219.o
 __c30_signature
                  0x0006f0          0x6 build/default/production/_ext/979045630/i2c_Func.o
 __c30_signature
                  0x0006f6          0x6 build/default/production/_ext/979045630/n5110_lcd_driver.o
 __c30_signature
                  0x0006fc          0x6 build/default/production/_ext/979045630/uart.o
 __c30_signature
                  0x000702          0x6 build/default/production/_ext/979045630/converter.o
 __c30_signature
                  0x000708          0x6 build/default/production/_ext/979045630/eeprom.o
 __c30_signature
                  0x00070e          0x6 build/default/production/_ext/979045630/traps.o
 __c30_signature
                  0x000714          0x6 d:/program files (x86)/microchip/xc16/v1.21/bin/bin/../../lib\libpic30-elf.a(crt0_standard.o)
 __c30_signature
                  0x00071a          0x6 d:/program files (x86)/microchip/xc16/v1.21/bin/bin/../../lib\libpic30-elf.a(data_init_standard.o)
 __c30_signature
                  0x000720          0x6 d:/program files (x86)/microchip/xc16/v1.21/bin/bin/../../lib\libm-elf.a(addsf3.eo)
 __c30_signature
                  0x000726          0x6 d:/program files (x86)/microchip/xc16/v1.21/bin/bin/../../lib\libm-elf.a(divsf3.eo)
 __c30_signature
                  0x00072c          0x6 d:/program files (x86)/microchip/xc16/v1.21/bin/bin/../../lib\libm-elf.a(feqltle.eo)
 __c30_signature
                  0x000732          0x6 d:/program files (x86)/microchip/xc16/v1.21/bin/bin/../../lib\libm-elf.a(fgtge.eo)
 __c30_signature
                  0x000738          0x6 d:/program files (x86)/microchip/xc16/v1.21/bin/bin/../../lib\libm-elf.a(fixsfsi.eo)
 __c30_signature
                  0x00073e          0x6 d:/program files (x86)/microchip/xc16/v1.21/bin/bin/../../lib\libm-elf.a(fixunssfsi.eo)
 __c30_signature
                  0x000744          0x6 d:/program files (x86)/microchip/xc16/v1.21/bin/bin/../../lib\libm-elf.a(floatsisf.eo)
 __c30_signature
                  0x00074a          0x6 d:/program files (x86)/microchip/xc16/v1.21/bin/bin/../../lib\libm-elf.a(floatunsisf.eo)
 __c30_signature
                  0x000750          0x6 d:/program files (x86)/microchip/xc16/v1.21/bin/bin/../../lib\libm-elf.a(fne.eo)
 __c30_signature
                  0x000756          0x6 d:/program files (x86)/microchip/xc16/v1.21/bin/bin/../../lib\libm-elf.a(fpack.eo)
 __c30_signature
                  0x00075c          0x6 d:/program files (x86)/microchip/xc16/v1.21/bin/bin/../../lib\libm-elf.a(funpack.eo)
 __c30_signature
                  0x000762          0x6 d:/program files (x86)/microchip/xc16/v1.21/bin/bin/../../lib\libm-elf.a(funpack2.eo)
 __c30_signature
                  0x000768          0x6 d:/program files (x86)/microchip/xc16/v1.21/bin/bin/../../lib\libm-elf.a(futil.eo)
 __c30_signature
                  0x00076e          0x6 d:/program files (x86)/microchip/xc16/v1.21/bin/bin/../../lib\libm-elf.a(mulsf3.eo)
 __c30_signature
                  0x000774          0x6 d:/program files (x86)/microchip/xc16/v1.21/bin/bin/../../lib\libm-elf.a(fcompare.eo)
 __c30_signature
                  0x00077a          0x6 d:/program files (x86)/microchip/xc16/v1.21/bin/bin/../../lib\libm-elf.a(floatdisf.eo)
 __c30_signature
                  0x000780          0x6 d:/program files (x86)/microchip/xc16/v1.21/bin/bin/../../lib\libm-elf.a(floatundisf.eo)
 __c30_signature
                  0x000786          0x6 d:/program files (x86)/microchip/xc16/v1.21/bin/bin/../../lib\libc-elf.a(atof.eo)
 __c30_signature
                  0x00078c          0x6 d:/program files (x86)/microchip/xc16/v1.21/bin/bin/../../lib\libc-elf.a(errno.eo)
 __c30_signature
                  0x000792          0x6 d:/program files (x86)/microchip/xc16/v1.21/bin/bin/../../lib\libc-elf.a(itoa.eo)
 __c30_signature
                  0x000798          0x6 d:/program files (x86)/microchip/xc16/v1.21/bin/bin/../../lib\libc-elf.a(strlen.eo)
 __c30_signature
                  0x00079e          0x6 d:/program files (x86)/microchip/xc16/v1.21/bin/bin/../../lib\libc-elf.a(strncmp.eo)
 __c30_signature
                  0x0007a4          0x6 d:/program files (x86)/microchip/xc16/v1.21/bin/bin/../../lib\libm-elf.a(mulsi3.eo)

.nbss               0x0800         0x8c
 .nbss              0x0800         0x58 build/default/production/_ext/979045630/main.o
                    0x0800                  _bus_voltage_V
                    0x0804                  _power_mW
                    0x0808                  _Ialarm
                    0x080a                  _I_txt
                    0x0813                  _V_txt
                    0x081c                  _P_txt
                    0x0825                  _Ial_txt
                    0x082e                  _cmd_buffer
                    0x0838                  _ina219_calValue_new
 .nbss              0x0858         0x28 build/default/production/_ext/979045630/uart.o
 .nbss              0x0880          0xc build/default/production/_ext/979045630/ina219.o
                    0x0880                  _inaAddress
                    0x0882                  _ina219_calValue
                    0x0884                  _ina219_currentDivider_mA
                    0x0888                  _ina219_powerDivider_mW

.ndata              0x088c          0x4
 .ndata             0x088c          0x4 build/default/production/_ext/979045630/main.o
                    0x088c                  _ref_current_mA

.bss                0x0890          0x2
 .bss               0x0890          0x2 d:/program files (x86)/microchip/xc16/v1.21/bin/bin/../../lib\libc-elf.a(errno.eo)
                    0x0890                  _errno

.const              0x88d8        0xe96 load address 0x0008d8  
 .const             0x88d8        0x67e build/default/production/_ext/979045630/main.o
                    0x8a3c                  _start_screen
                    0x8e3c                  _pwmon_txt
                    0x8e4a                  _link_txt
                    0x8e59                  _version
                    0x8e60                  _vbus_txt
                    0x8e65                  _volts_txt
                    0x8e68                  _current_txt
                    0x8e6d                  _mA_txt
                    0x8e70                  _power_txt
                    0x8e75                  _mW_txt
                    0x8e78                  _curr_al_txt
                    0x8e7d                  _off_txt
                    0x8e88                  _sep_char
                    0x8e8a                  _format_raw_txt
                    0x8e9c                  _format_lcd_txt
                    0x8eae                  _warning1_txt
                    0x8eba                  _warning2_txt
                    0x8ec3                  _warning3_txt
                    0x8ec9                  _warning4_txt
                    0x8ecd                  _warning5_txt
                    0x8ed9                  _rst_txt
                    0x8ee1                  _cal_txt
                    0x8eed                  _save_txt
                    0x8ef4                  _yn_txt
                    0x8ef8                  _inacal_txt
                    0x8f04                  _new_txt
                    0x8f09                  _old_txt
                    0x8f0e                  _enter_I_txt
                    0x8f34                  _error_txt
                    0x8f3c                  _err_oor_txt
                    0x8f49                  _iref_txt
                    0x8f4e                  _he_txt
 .const             0x8f56        0x5f0 build/default/production/_ext/979045630/heltec_oled_driver.o
                    0x8f56                  _font8X16
 .const             0x9546        0x228 build/default/production/_ext/979045630/n5110_lcd_driver.o
                    0x9546                  _font6x8

.text             0x00176e       0x13fc
 .text            0x00176e        0x89a build/default/production/_ext/979045630/main.o
                  0x00176e                  _calc_Ialarm
                  0x00178e                  _wait8ms
                  0x001798                  _display_data
                  0x001aa0                  _display_warning
                  0x001b0e                  _get_udata_format
                  0x001b24                  _update_uart
                  0x001bb0                  _uart_warning
                  0x001bd0                  _flush_cmd_buff
                  0x001be0                  _calc_new_cal
                  0x001bfe                  _decode_char
                  0x001e78                  _startup
                  0x001efc                  _main
                  0x001f8a                  __ADC1Interrupt
                  0x001fd0                  __T3Interrupt
 .text            0x002008        0x320 build/default/production/_ext/979045630/i2c_Func.o
                  0x002008                  _InitI2C
                  0x002024                  _StartI2C
                  0x002032                  _RestartI2C
                  0x002040                  _StopI2C
                  0x00204e                  _WriteI2C
                  0x00205a                  _IdleI2C
                  0x002076                  _ACKStatus
                  0x00207e                  _NotAckI2C
                  0x00208c                  _AckI2C
                  0x002098                  _getI2C
                  0x0020a4                  _getsI2C
                  0x0020d2                  _HDSequentialReadI2C
                  0x002116                  _LDSequentialReadI2C
                  0x00214e                  _HDByteReadI2C
                  0x002192                  _LDByteReadI2C
                  0x0021ca                  _EEAckPolling
                  0x00222a                  _HDByteWriteI2C
                  0x002266                  _LDByteWriteI2C
                  0x00229a                  _putstringI2C
                  0x0022c8                  _HDPageWriteI2C
                  0x0022fe                  _LDPageWriteI2C
 .text            0x002328        0x23a build/default/production/_ext/979045630/heltec_oled_driver.o
                  0x002342                  _OLED_start
                  0x002350                  _OLED_stop
                  0x00235c                  _OLED_write_byte
                  0x00238e                  _OLED_write_command
                  0x0023a6                  _OLED_begin_data
                  0x0023b0                  _OLED_SetPos
                  0x0023da                  _OLED_fill_screen
                  0x00240e                  _OLED_char_F8x16